32mI (35ESP-ROM:esp32s3-20210327
Build:Mar 27 2021
rst:0x15 (USB_UART_CHIP_RESET),boot:0x8 (SPI_FAST_FLASH_BOOT)
Saved PC:0x40048839
SPIWP:0xee
mode:DIO, clock div:1
load:0x3fce3818,len:0x1874
load:0x403c9700,len:0x4
load:0x403c9704,len:0xd88
load:0x403cc700,len:0x3070
entry 0x403c9934
[0;32mI (27) boot: ESP-IDF v5.1-rc1-dirty 2nd stage bootloader[0m
[0;32mI (27) boot: compile time Jun 16 2023 19:03:20[0m
[0;32mI (27) boot: Multicore bootloader[0m
[0;32mI (31) boot: chip revision: v0.1[0m
[0;32mI (34) qio_mode: Enabling default flash chip QIO[0m
[0;32mI (40) boot.esp32s3: Boot SPI Speed : 80MHz[0m
[0;32mI (44) boot.esp32s3: SPI Mode       : QIO[0m
[0;32mI (49) boot.esp32s3: SPI Flash Size : 8MB[0m
[0;32mI (54) boot: Enabling RNG early entropy source...[0m
[0;32mI (59) boot: Partition Table:[0m
[0;32mI (63) boot: ## Label            Usage          Type ST Offset   Length[0m
[0;32mI (70) boot:  0 factory          factory app      00 00 00010000 003c0000[0m
[0;32mI (78) boot:  1 nvs              WiFi data        01 02 003d0000 00004000[0m
[0;32mI (85) boot:  2 fr               Unknown data     01 06 003e0000 00020000[0m
[0;32mI (93) boot: End of partition table[0m
[0;32mI (97) esp_image: segment 0: paddr=00010020 vaddr=3c050020 size=cbadch (834268) map[0m
[0;32mI (232) esp_image: segment 1: paddr=000dbb04 vaddr=3fc95c00 size=03dc4h ( 15812) load[0m
[0;32mI (235) esp_image: segment 2: paddr=000df8d0 vaddr=40374000 size=00748h (  1864) load[0m
[0;32mI (238) esp_image: segment 3: paddr=000e0020 vaddr=42000020 size=4f134h (323892) map[0m
[0;32mI (295) esp_image: segment 4: paddr=0012f15c vaddr=40374748 size=11480h ( 70784) load[0m
[0;32mI (316) boot: Loaded app from partition at offset 0x10000[0m
[0;32mI (317) boot: Disabling RNG early entropy source...[0m
[0;32mI (317) cpu_start: Multicore app[0m
[0;32mI (321) octal_psram: vendor id    : 0x0d (AP)[0m
[0;32mI (326) octal_psram: dev id       : 0x02 (generation 3)[0m
[0;32mI (332) octal_psram: density      : 0x03 (64 Mbit)[0m
[0;32mI (337) octal_psram: good-die     : 0x01 (Pass)[0m
[0;32mI (342) octal_psram: Latency      : 0x01 (Fixed)[0m
[0;32mI (348) octal_psram: VCC          : 0x01 (3V)[0m
[0;32mI (353) octal_psram: SRF          : 0x01 (Fast Refresh)[0m
[0;32mI (359) octal_psram: BurstType    : 0x01 (Hybrid Wrap)[0m
[0;32mI (364) octal_psram: BurstLen     : 0x01 (32 Byte)[0m
[0;32mI (370) octal_psram: Readlatency  : 0x02 (10 cycles@Fixed)[0m
[0;32mI (376) octal_psram: DriveStrength: 0x00 (1/1)[0m
[0;32mI (382) esp_psram: Found 8MB PSRAM device[0m
[0;32mI (386) esp_psram: Speed: 80MHz[0m
[0;32mI (390) cpu_start: Pro cpu up.[0m
[0;32mI (393) cpu_start: Starting app cpu, entry point is 0x40375658[0m
[0;32mI (0) cpu_start: App cpu up.[0m
[0;32mI (721) esp_psram: SPI SRAM memory test OK[0m
[0;32mI (730) cpu_start: Pro cpu start user code[0m
[0;32mI (730) cpu_start: cpu freq: 240000000 Hz[0m
[0;32mI (730) cpu_start: Application information:[0m
[0;32mI (730) cpu_start: Project name:     yolo[0m
[0;32mI (730) cpu_start: App version:      4ff41bd-dirty[0m
[0;32mI (731) cpu_start: Compile time:     Jun 16 2023 19:10:47[0m
[0;32mI (731) cpu_start: ELF file SHA256:  62de74eefa425caf...[0m
[0;32mI (731) cpu_start: ESP-IDF:          v5.1-rc1-dirty[0m
[0;32mI (731) cpu_start: Min chip rev:     v0.0[0m
[0;32mI (732) cpu_start: Max chip rev:     v0.99 [0m
[0;32mI (732) cpu_start: Chip rev:         v0.1[0m
[0;32mI (732) heap_init: Initializing. RAM available for dynamic allocation:[0m
[0;32mI (732) heap_init: At 3FC9A7B8 len 0004EF58 (315 KiB): DRAM[0m
[0;32mI (732) heap_init: At 3FCE9710 len 00005724 (21 KiB): STACK/DRAM[0m
[0;32mI (733) heap_init: At 600FE010 len 00001FF0 (7 KiB): RTCRAM[0m
[0;32mI (733) esp_psram: Adding pool of 8192K of PSRAM memory to heap allocator[0m
[0;32mI (734) spi_flash: detected chip: gd[0m
[0;32mI (734) spi_flash: flash io: qio[0m
[0;32mI (734) sleep: Configure to isolate all GPIO pins in sleep state[0m
[0;32mI (735) sleep: Enable automatic switching of GPIO sleep configuration[0m
[0;32mI (735) app_start: Starting scheduler on CPU0[0m
[0;32mI (735) app_start: Starting scheduler on CPU1[0m
[0;32mI (735) main_task: Started on CPU0[0m
[0;32mI (745) esp_psram: Reserving pool of 32K of internal memory for DMA/internal allocations[0m
[0;32mI (745) main_task: Calling app_main()[0m
[0;32mI (745) app_camera: Camera module is XIAO-S3[0m
[0;32mI (745) s3 ll_cam: DMA Channel=4[0m
[0;32mI (745) cam_hal: cam init ok[0m
[0;32mI (745) sccb: pin_sda 40 pin_scl 39[0m
[0;32mI (745) sccb: sccb_i2c_port=1
[0m
[0;32mI (755) camera: Detected camera at address=0x30[0m
[0;32mI (755) camera: Detected OV2640 camera[0m
[0;32mI (755) camera: Camera PID=0x26 VER=0x42 MIDL=0x7f MIDH=0xa2[0m
[0;32mI (825) s3 ll_cam: node_size: 3840, nodes_per_line: 1, lines_per_node: 8[0m
[0;32mI (825) s3 ll_cam: dma_half_buffer_min:  3840, dma_half_buffer: 11520, lines_per_half_buffer: 24, dma_buffer_size: 23040[0m
[0;32mI (825) cam_hal: buffer_size: 23040, half_buffer_size: 11520, node_buffer_size: 3840, node_cnt: 6, total_cnt: 10[0m
[0;32mI (825) cam_hal: Allocating 115200 Byte frame buffer in PSRAM[0m
[0;32mI (825) cam_hal: Allocating 115200 Byte frame buffer in PSRAM[0m
[0;32mI (825) cam_hal: cam config ok[0m
[0;32mI (825) ov2640: Set PLL: clk_2x: 1, clk_div: 3, pclk_auto: 1, pclk_div: 8[0m
[0;32mI (915) spi_bus: SPI2 bus created[0m
[0;32mI (915) spi_bus: SPI2 bus device added, CS=2 Mode=0 Speed=40000000[0m
[0;31mE (925) screen driver: Screen controller not supported or not enabled in menuconfig[0m
[0;32mI (925) main_task: Returned from app_main()[0m
Predictions (DSP: 8 ms., Classification: 652 ms., Anomaly: 0 ms.): 
    No objects found
Predictions (DSP: 8 ms., Classification: 650 ms., Anomaly: 0 ms.): 
    Objects found: 1
    Objects:
    [
        {"class": "0", "x": 35, "y": 128, "w": 76, "h": 222, "confidence": 45},
    ]
[0;33mW (5045) cam_hal: Failed to get the frame on time![0m

***ERROR*** A stack overflow in task app_camera has been detected.


Backtrace: 0x40375bd2:0x3fca87a0 0x4037cd21:0x3fca87c0 0x4037f792:0x3fca87e0 0x4037e3c3:0x3fca8860 0x4037f8a0:0x3fca8880 0x4037f896:0xa5a5a5a5 |<-CORRUPTED




ELF file SHA256: 62de74eefa425caf

Rebooting...
ESP-ROM:esp32s3-20210327
Build:Mar 27 2021
rst:0x3 (RTC_SW_SYS_RST),boot:0x8 (SPI_FAST_FLASH_BOOT)
Saved PC:0x40379e1e
SPIWP:0xee
mode:DIO, clock div:1
load:0x3fce3818,len:0x1874
load:0x403c9700,len:0x4
load:0x403c9704,len:0xd88
load:0x403cc700,len:0x3070
entry 0x403c9934
[0;32mI (26) boot: ESP-IDF v5.1-rc1-dirty 2nd stage bootloader[0m
[0;32mI (26) boot: compile time Jun 16 2023 19:03:20[0m
[0;32mI (27) boot: Multicore bootloader[0m
[0;32mI (30) boot: chip revision: v0.1[0m
[0;32mI (34) qio_mode: Enabling default flash chip QIO[0m
[0;32mI (39) boot.esp32s3: Boot SPI Speed : 80MHz[0m
[0;32mI (44) boot.esp32s3: SPI Mode       : QIO[0m
[0;32mI (49) boot.esp32s3: SPI Flash Size : 8MB[0m
[0;32mI (53) boot: Enabling RNG early entropy source...[0m
[0;32mI (59) boot: Partition Table:[0m
[0;32mI (62) boot: ## Label            Usage          Type ST Offset   Length[0m
[0;32mI (70) boot:  0 factory          factory app      00 00 00010000 003c0000[0m
[0;32mI (77) boot:  1 nvs              WiFi data        01 02 003d0000 00004000[0m
[0;32mI (85) boot:  2 fr               Unknown data     01 06 003e0000 00020000[0m
[0;32mI (92) boot: End of partition table[0m
[0;32mI (96) esp_image: segment 0: paddr=00010020 vaddr=3c050020 size=cbadch (834268) map[0m
[0;32mI (231) esp_image: segment 1: paddr=000dbb04 vaddr=3fc95c00 size=03dc4h ( 15812) load[0m
[0;32mI (234) esp_image: segment 2: paddr=000df8d0 vaddr=40374000 size=00748h (  1864) load[0m
[0;32mI (237) esp_image: segment 3: paddr=000e0020 vaddr=42000020 size=4f134h (323892) map[0m
[0;32mI (294) esp_image: segment 4: paddr=0012f15c vaddr=40374748 size=11480h ( 70784) load[0m
[0;32mI (316) boot: Loaded app from partition at offset 0x10000[0m
[0;32mI (316) boot: Disabling RNG early entropy source...[0m
[0;32mI (317) cpu_start: Multicore app[0m
[0;32mI (320) octal_psram: vendor id    : 0x0d (AP)[0m
[0;32mI (325) octal_psram: dev id       : 0x02 (generation 3)[0m
[0;32mI (331) octal_psram: density      : 0x03 (64 Mbit)[0m
[0;32mI (337) octal_psram: good-die     : 0x01 (Pass)[0m
[0;32mI (342) octal_psram: Latency      : 0x01 (Fixed)[0m
[0;32mI (347) octal_psram: VCC          : 0x01 (3V)[0m
[0;32mI (352) octal_psram: SRF          : 0x01 (Fast Refresh)[0m
[0;32mI (358) octal_psram: BurstType    : 0x01 (Hybrid Wrap)[0m
[0;32mI (364) octal_psram: BurstLen     : 0x01 (32 Byte)[0m
[0;32mI (369) octal_psram: Readlatency  : 0x02 (10 cycles@Fixed)[0m
[0;32mI (376) octal_psram: DriveStrength: 0x00 (1/1)[0m
[0;32mI (381) esp_psram: Found 8MB PSRAM device[0m
[0;32mI (385) esp_psram: Speed: 80MHz[0m
[0;32mI (389) cpu_start: Pro cpu up.[0m
[0;32mI (393) cpu_start: Starting app cpu, entry point is 0x40375658[0m
[0;32mI (0) cpu_start: App cpu up.[0m
[0;32mI (720) esp_psram: SPI SRAM memory test OK[0m
[0;32mI (729) cpu_start: Pro cpu start user code[0m
[0;32mI (729) cpu_start: cpu freq: 240000000 Hz[0m
[0;32mI (730) cpu_start: Application information:[0m
[0;32mI (730) cpu_start: Project name:     yolo[0m
[0;32mI (730) cpu_start: App version:      4ff41bd-dirty[0m
[0;32mI (730) cpu_start: Compile time:     Jun 16 2023 19:10:47[0m
[0;32mI (730) cpu_start: ELF file SHA256:  62de74eefa425caf...[0m
[0;32mI (731) cpu_start: ESP-IDF:          v5.1-rc1-dirty[0m
[0;32mI (731) cpu_start: Min chip rev:     v0.0[0m
[0;32mI (731) cpu_start: Max chip rev:     v0.99 [0m
[0;32mI (731) cpu_start: Chip rev:         v0.1[0m
[0;32mI (731) heap_init: Initializing. RAM available for dynamic allocation:[0m
[0;32mI (731) heap_init: At 3FC9A7B8 len 0004EF58 (315 KiB): DRAM[0m
[0;32mI (732) heap_init: At 3FCE9710 len 00005724 (21 KiB): STACK/DRAM[0m
[0;32mI (732) heap_init: At 600FE010 len 00001FF0 (7 KiB): RTCRAM[0m
[0;32mI (732) esp_psram: Adding pool of 8192K of PSRAM memory to heap allocator[0m
[0;32mI (733) spi_flash: detected chip: gd[0m
[0;32mI (733) spi_flash: flash io: qio[0m
[0;32mI (733) sleep: Configure to isolate all GPIO pins in sleep state[0m
[0;32mI (734) sleep: Enable automatic switching of GPIO sleep configuration[0m
[0;32mI (734) app_start: Starting scheduler on CPU0[0m
[0;32mI (734) app_start: Starting scheduler on CPU1[0m
[0;32mI (734) main_task: Started on CPU0[0m
[0;32mI (744) esp_psram: Reserving pool of 32K of internal memory for DMA/internal allocations[0m
[0;32mI (744) main_task: Calling app_main()[0m
[0;32mI (744) app_camera: Camera module is XIAO-S3[0m
[0;32mI (744) s3 ll_cam: DMA Channel=4[0m
[0;32mI (744) cam_hal: cam init ok[0m
[0;32mI (744) sccb: pin_sda 40 pin_scl 39[0m
[0;32mI (744) sccb: sccb_i2c_port=1
[0m
[0;32mI (754) camera: Detected camera at address=0x30[0m
[0;32mI (754) camera: Detected OV2640 camera[0m
[0;32mI (754) camera: Camera PID=0x26 VER=0x42 MIDL=0x7f MIDH=0xa2[0m
[0;32mI (824) s3 ll_cam: node_size: 3840, nodes_per_line: 1, lines_per_node: 8[0m
[0;32mI (824) s3 ll_cam: dma_half_buffer_min:  3840, dma_half_buffer: 11520, lines_per_half_buffer: 24, dma_buffer_size: 23040[0m
[0;32mI (824) cam_hal: buffer_size: 23040, half_buffer_size: 11520, node_buffer_size: 3840, node_cnt: 6, total_cnt: 10[0m
[0;32mI (824) cam_hal: Allocating 115200 Byte frame buffer in PSRAM[0m
[0;32mI (824) cam_hal: Allocating 115200 Byte frame buffer in PSRAM[0m
[0;32mI (824) cam_hal: cam config ok[0m
[0;32mI (824) ov2640: Set PLL: clk_2x: 1, clk_div: 3, pclk_auto: 1, pclk_div: 8[0m
[0;32mI (914) spi_bus: SPI2 bus created[0m
[0;32mI (914) spi_bus: SPI2 bus device added, CS=2 Mode=0 Speed=40000000[0m
[0;31mE (924) screen driver: Screen controller not supported or not enabled in menuconfig[0m
[0;32mI (924) main_task: Returned from app_main()[0m
Predictions (DSP: 8 ms., Classification: 652 ms., Anomaly: 0 ms.): 
    Objects found: 1
    Objects:
    [
        {"class": "0", "x": 35, "y": 117, "w": 76, "h": 222, "confidence": 42},
    ]
Predictions (DSP: 8 ms., Classification: 650 ms., Anomaly: 0 ms.): 
    Objects found: 1
    Objects:
    [
        {"class": "0", "x": 33, "y": 117, "w": 76, "h": 222, "confidence": 45},
    ]
[0;33mW (5044) cam_hal: Failed to get the frame on time![0m

***ERROR*** A stack overflow in task app_camera has been detected.


Backtrace: 0x40375bd2:0x3fca87a0 0x4037cd21:0x3fca87c0 0x4037f792:0x3fca87e0 0x4037e3c3:0x3fca8860 0x4037f8a0:0x3fca8880 0x4037f896:0xa5a5a5a5 |<-CORRUPTED




ELF file SHA256: 62de74eefa425caf

Rebooting...
ESP-ROM:esp32s3-20210327
Build:Mar 27 2021
rst:0x3 (RTC_SW_SYS_RST),boot:0x8 (SPI_FAST_FLASH_BOOT)
Saved PC:0x40379e1e
SPIWP:0xee
mode:DIO, clock div:1
load:0x3fce3818,len:0x1874
load:0x403c9700,len:0x4
load:0x403c9704,len:0xd88
load:0x403cc700,len:0x3070
entry 0x403c9934
[0;32mI (26) boot: ESP-IDF v5.1-rc1-dirty 2nd stage bootloader[0m
[0;32mI (26) boot: compile time Jun 16 2023 19:03:20[0m
[0;32mI (27) boot: Multicore bootloader[0m
[0;32mI (30) boot: chip revision: v0.1[0m
[0;32mI (34) qio_mode: Enabling default flash chip QIO[0m
[0;32mI (39) boot.esp32s3: Boot SPI Speed : 80MHz[0m
[0;32mI (44) boot.esp32s3: SPI Mode       : QIO[0m
[0;32mI (49) boot.esp32s3: SPI Flash Size : 8MB[0m
[0;32mI (53) boot: Enabling RNG early entropy source...[0m
[0;32mI (59) boot: Partition Table:[0m
[0;32mI (62) boot: ## Label            Usage          Type ST Offset   Length[0m
[0;32mI (70) boot:  0 factory          factory app      00 00 00010000 003c0000[0m
[0;32mI (77) boot:  1 nvs              WiFi data        01 02 003d0000 00004000[0m
[0;32mI (85) boot:  2 fr               Unknown data     01 06 003e0000 00020000[0m
[0;32mI (92) boot: End of partition table[0m
[0;32mI (96) esp_image: segment 0: paddr=00010020 vaddr=3c050020 size=cbadch (834268) map[0m
[0;32mI (231) esp_image: segment 1: paddr=000dbb04 vaddr=3fc95c00 size=03dc4h ( 15812) load[0m
[0;32mI (234) esp_image: segment 2: paddr=000df8d0 vaddr=40374000 size=00748h (  1864) load[0m
[0;32mI (237) esp_image: segment 3: paddr=000e0020 vaddr=42000020 size=4f134h (323892) map[0m
[0;32mI (294) esp_image: segment 4: paddr=0012f15c vaddr=40374748 size=11480h ( 70784) load[0m
[0;32mI (316) boot: Loaded app from partition at offset 0x10000[0m
[0;32mI (316) boot: Disabling RNG early entropy source...[0m
[0;32mI (317) cpu_start: Multicore app[0m
[0;32mI (320) octal_psram: vendor id    : 0x0d (AP)[0m
[0;32mI (325) octal_psram: dev id       : 0x02 (generation 3)[0m
[0;32mI (331) octal_psram: density      : 0x03 (64 Mbit)[0m
[0;32mI (337) octal_psram: good-die     : 0x01 (Pass)[0m
[0;32mI (342) octal_psram: Latency      : 0x01 (Fixed)[0m
[0;32mI (347) octal_psram: VCC          : 0x01 (3V)[0m
[0;32mI (352) octal_psram: SRF          : 0x01 (Fast Refresh)[0m
[0;32mI (358) octal_psram: BurstType    : 0x01 (Hybrid Wrap)[0m
[0;32mI (364) octal_psram: BurstLen     : 0x01 (32 Byte)[0m
[0;32mI (369) octal_psram: Readlatency  : 0x02 (10 cycles@Fixed)[0m
[0;32mI (376) octal_psram: DriveStrength: 0x00 (1/1)[0m
[0;32mI (381) esp_psram: Found 8MB PSRAM device[0m
[0;32mI (385) esp_psram: Speed: 80MHz[0m
[0;32mI (389) cpu_start: Pro cpu up.[0m
[0;32mI (393) cpu_start: Starting app cpu, entry point is 0x40375658[0m
[0;32mI (0) cpu_start: App cpu up.[0m
[0;32mI (720) esp_psram: SPI SRAM memory test OK[0m
[0;32mI (729) cpu_start: Pro cpu start user code[0m
[0;32mI (729) cpu_start: cpu freq: 240000000 Hz[0m
[0;32mI (730) cpu_start: Application information:[0m
[0;32mI (730) cpu_start: Project name:     yolo[0m
[0;32mI (730) cpu_start: App version:      4ff41bd-dirty[0m
[0;32mI (730) cpu_start: Compile time:     Jun 16 2023 19:10:47[0m
[0;32mI (730) cpu_start: ELF file SHA256:  62de74eefa425caf...[0m
[0;32mI (731) cpu_start: ESP-IDF:          v5.1-rc1-dirty[0m
[0;32mI (731) cpu_start: Min chip rev:     v0.0[0m
[0;32mI (731) cpu_start: Max chip rev:     v0.99 [0m
[0;32mI (731) cpu_start: Chip rev:         v0.1[0m
[0;32mI (731) heap_init: Initializing. RAM available for dynamic allocation:[0m
[0;32mI (731) heap_init: At 3FC9A7B8 len 0004EF58 (315 KiB): DRAM[0m
[0;32mI (732) heap_init: At 3FCE9710 len 00005724 (21 KiB): STACK/DRAM[0m
[0;32mI (732) heap_init: At 600FE010 len 00001FF0 (7 KiB): RTCRAM[0m
[0;32mI (732) esp_psram: Adding pool of 8192K of PSRAM memory to heap allocator[0m
[0;32mI (733) spi_flash: detected chip: gd[0m
[0;32mI (733) spi_flash: flash io: qio[0m
[0;32mI (733) sleep: Configure to isolate all GPIO pins in sleep state[0m
[0;32mI (734) sleep: Enable automatic switching of GPIO sleep configuration[0m
[0;32mI (734) app_start: Starting scheduler on CPU0[0m
[0;32mI (734) app_start: Starting scheduler on CPU1[0m
[0;32mI (734) main_task: Started on CPU0[0m
[0;32mI (744) esp_psram: Reserving pool of 32K of internal memory for DMA/internal allocations[0m
[0;32mI (744) main_task: Calling app_main()[0m
[0;32mI (744) app_camera: Camera module is XIAO-S3[0m
[0;32mI (744) s3 ll_cam: DMA Channel=4[0m
[0;32mI (744) cam_hal: cam init ok[0m
[0;32mI (744) sccb: pin_sda 40 pin_scl 39[0m
[0;32mI (744) sccb: sccb_i2c_port=1
[0m
[0;32mI (754) camera: Detected camera at address=0x30[0m
[0;32mI (754) camera: Detected OV2640 camera[0m
[0;32mI (754) camera: Camera PID=0x26 VER=0x42 MIDL=0x7f MIDH=0xa2[0m
[0;32mI (824) s3 ll_cam: node_size: 3840, nodes_per_line: 1, lines_per_node: 8[0m
[0;32mI (824) s3 ll_cam: dma_half_buffer_min:  3840, dma_half_buffer: 11520, lines_per_half_buffer: 24, dma_buffer_size: 23040[0m
[0;32mI (824) cam_hal: buffer_size: 23040, half_buffer_size: 11520, node_buffer_size: 3840, node_cnt: 6, total_cnt: 10[0m
[0;32mI (824) cam_hal: Allocating 115200 Byte frame buffer in PSRAM[0m
[0;32mI (824) cam_hal: Allocating 115200 Byte frame buffer in PSRAM[0m
[0;32mI (824) cam_hal: cam config ok[0m
[0;32mI (824) ov2640: Set PLL: clk_2x: 1, clk_div: 3, pclk_auto: 1, pclk_div: 8[0m
[0;32mI (914) spi_bus: SPI2 bus created[0m
[0;32mI (914) spi_bus: SPI2 bus device added, CS=2 Mode=0 Speed=40000000[0m
[0;31mE (924) screen driver: Screen controller not supported or not enabled in menuconfig[0m
[0;32mI (924) main_task: Returned from app_main()[0m
Predictions (DSP: 8 ms., Classification: 652 ms., Anomaly: 0 ms.): 
    Objects found: 1
    Objects:
    [
        {"class": "0", "x": 35, "y": 130, "w": 76, "h": 222, "confidence": 47},
    ]
Predictions (DSP: 8 ms., Classification: 650 ms., Anomaly: 0 ms.): 
    Objects found: 1
    Objects:
    [
        {"class": "0", "x": 33, "y": 131, "w": 76, "h": 222, "confidence": 47},
    ]
[0;33mW (5044) cam_hal: Failed to get the frame on time![0m

***ERROR*** A stack overflow in task app_camera has been detected.


Backtrace: 0x40375bd2:0x3fca87a0 0x4037cd21:0x3fca87c0 0x4037f792:0x3fca87e0 0x4037e3c3:0x3fca8860 0x4037f8a0:0x3fca8880 0x4037f896:0xa5a5a5a5 |<-CORRUPTED




ELF file SHA256: 62de74eefa425caf

Rebooting...
ESP-ROM:esp32s3-20210327
Build:Mar 27 2021
rst:0x3 (RTC_SW_SYS_RST),boot:0x8 (SPI_FAST_FLASH_BOOT)
Saved PC:0x40379e1e
SPIWP:0xee
mode:DIO, clock div:1
load:0x3fce3818,len:0x1874
load:0x403c9700,len:0x4
load:0x403c9704,len:0xd88
load:0x403cc700,len:0x3070
entry 0x403c9934
[0;32mI (26) boot: ESP-IDF v5.1-rc1-dirty 2nd stage bootloader[0m
[0;32mI (26) boot: compile time Jun 16 2023 19:03:20[0m
[0;32mI (27) boot: Multicore bootloader[0m
[0;32mI (30) boot: chip revision: v0.1[0m
[0;32mI (34) qio_mode: Enabling default flash chip QIO[0m
[0;32mI (39) boot.esp32s3: Boot SPI Speed : 80MHz[0m
[0;32mI (44) boot.esp32s3: SPI Mode       : QIO[0m
[0;32mI (49) boot.esp32s3: SPI Flash Size : 8MB[0m
[0;32mI (53) boot: Enabling RNG early entropy source...[0m
[0;32mI (59) boot: Partition Table:[0m
[0;32mI (62) boot: ## Label            Usage          Type ST Offset   Length[0m
[0;32mI (70) boot:  0 factory          factory app      00 00 00010000 003c0000[0m
[0;32mI (77) boot:  1 nvs              WiFi data        01 02 003d0000 00004000[0m
[0;32mI (85) boot:  2 fr               Unknown data     01 06 003e0000 00020000[0m
[0;32mI (92) boot: End of partition table[0m
[0;32mI (96) esp_image: segment 0: paddr=00010020 vaddr=3c050020 size=cbadch (834268) map[0m
[0;32mI (231) esp_image: segment 1: paddr=000dbb04 vaddr=3fc95c00 size=03dc4h ( 15812) load[0m
[0;32mI (234) esp_image: segment 2: paddr=000df8d0 vaddr=40374000 size=00748h (  1864) load[0m
[0;32mI (237) esp_image: segment 3: paddr=000e0020 vaddr=42000020 size=4f134h (323892) map[0m
[0;32mI (294) esp_image: segment 4: paddr=0012f15c vaddr=40374748 size=11480h ( 70784) load[0m
[0;32mI (316) boot: Loaded app from partition at offset 0x10000[0m
[0;32mI (316) boot: Disabling RNG early entropy source...[0m
[0;32mI (317) cpu_start: Multicore app[0m
[0;32mI (320) octal_psram: vendor id    : 0x0d (AP)[0m
[0;32mI (325) octal_psram: dev id       : 0x02 (generation 3)[0m
[0;32mI (331) octal_psram: density      : 0x03 (64 Mbit)[0m
[0;32mI (337) octal_psram: good-die     : 0x01 (Pass)[0m
[0;32mI (342) octal_psram: Latency      : 0x01 (Fixed)[0m
[0;32mI (347) octal_psram: VCC          : 0x01 (3V)[0m
[0;32mI (352) octal_psram: SRF          : 0x01 (Fast Refresh)[0m
[0;32mI (358) octal_psram: BurstType    : 0x01 (Hybrid Wrap)[0m
[0;32mI (364) octal_psram: BurstLen     : 0x01 (32 Byte)[0m
[0;32mI (369) octal_psram: Readlatency  : 0x02 (10 cycles@Fixed)[0m
[0;32mI (376) octal_psram: DriveStrength: 0x00 (1/1)[0m
[0;32mI (381) esp_psram: Found 8MB PSRAM device[0m
[0;32mI (385) esp_psram: Speed: 80MHz[0m
[0;32mI (389) cpu_start: Pro cpu up.[0m
[0;32mI (393) cpu_start: Starting app cpu, entry point is 0x40375658[0m
[0;32mI (0) cpu_start: App cpu up.[0m
[0;32mI (720) esp_psram: SPI SRAM memory test OK[0m
[0;32mI (729) cpu_start: Pro cpu start user code[0m
[0;32mI (729) cpu_start: cpu freq: 240000000 Hz[0m
[0;32mI (730) cpu_start: Application information:[0m
[0;32mI (730) cpu_start: Project name:     yolo[0m
[0;32mI (730) cpu_start: App version:      4ff41bd-dirty[0m
[0;32mI (730) cpu_start: Compile time:     Jun 16 2023 19:10:47[0m
[0;32mI (730) cpu_start: ELF file SHA256:  62de74eefa425caf...[0m
[0;32mI (731) cpu_start: ESP-IDF:          v5.1-rc1-dirty[0m
[0;32mI (731) cpu_start: Min chip rev:     v0.0[0m
[0;32mI (731) cpu_start: Max chip rev:     v0.99 [0m
[0;32mI (731) cpu_start: Chip rev:         v0.1[0m
[0;32mI (731) heap_init: Initializing. RAM available for dynamic allocation:[0m
[0;32mI (731) heap_init: At 3FC9A7B8 len 0004EF58 (315 KiB): DRAM[0m
[0;32mI (732) heap_init: At 3FCE9710 len 00005724 (21 KiB): STACK/DRAM[0m
[0;32mI (732) heap_init: At 600FE010 len 00001FF0 (7 KiB): RTCRAM[0m
[0;32mI (732) esp_psram: Adding pool of 8192K of PSRAM memory to heap allocator[0m
[0;32mI (733) spi_flash: detected chip: gd[0m
[0;32mI (733) spi_flash: flash io: qio[0m
[0;32mI (733) sleep: Configure to isolate all GPIO pins in sleep state[0m
[0;32mI (734) sleep: Enable automatic switching of GPIO sleep configuration[0m
[0;32mI (734) app_start: Starting scheduler on CPU0[0m
[0;32mI (734) app_start: Starting scheduler on CPU1[0m
[0;32mI (734) main_task: Started on CPU0[0m
[0;32mI (744) esp_psram: Reserving pool of 32K of internal memory for DMA/internal allocations[0m
[0;32mI (744) main_task: Calling app_main()[0m
[0;32mI (744) app_camera: Camera module is XIAO-S3[0m
[0;32mI (744) s3 ll_cam: DMA Channel=4[0m
[0;32mI (744) cam_hal: cam init ok[0m
[0;32mI (744) sccb: pin_sda 40 pin_scl 39[0m
[0;32mI (744) sccb: sccb_i2c_port=1
[0m
[0;32mI (754) camera: Detected camera at address=0x30[0m
[0;32mI (754) camera: Detected OV2640 camera[0m
[0;32mI (754) camera: Camera PID=0x26 VER=0x42 MIDL=0x7f MIDH=0xa2[0m
[0;32mI (824) s3 ll_cam: node_size: 3840, nodes_per_line: 1, lines_per_node: 8[0m
[0;32mI (824) s3 ll_cam: dma_half_buffer_min:  3840, dma_half_buffer: 11520, lines_per_half_buffer: 24, dma_buffer_size: 23040[0m
[0;32mI (824) cam_hal: buffer_size: 23040, half_buffer_size: 11520, node_buffer_size: 3840, node_cnt: 6, total_cnt: 10[0m
[0;32mI (824) cam_hal: Allocating 115200 Byte frame buffer in PSRAM[0m
[0;32mI (824) cam_hal: Allocating 115200 Byte frame buffer in PSRAM[0m
[0;32mI (824) cam_hal: cam config ok[0m
[0;32mI (824) ov2640: Set PLL: clk_2x: 1, clk_div: 3, pclk_auto: 1, pclk_div: 8[0m
[0;32mI (914) spi_bus: SPI2 bus created[0m
[0;32mI (914) spi_bus: SPI2 bus device added, CS=2 Mode=0 Speed=40000000[0m
[0;31mE (924) screen driver: Screen controller not supported or not enabled in menuconfig[0m
[0;32mI (924) main_task: Returned from app_main()[0m
Predictions (DSP: 8 ms., Classification: 652 ms., Anomaly: 0 ms.): 
    Objects found: 1
    Objects:
    [
        {"class": "0", "x": 35, "y": 117, "w": 76, "h": 222, "confidence": 42},
    ]
Predictions (DSP: 8 ms., Classification: 649 ms., Anomaly: 0 ms.): 
    Objects found: 1
    Objects:
    [
        {"class": "0", "x": 35, "y": 118, "w": 76, "h": 222, "confidence": 54},
    ]
[0;33mW (5044) cam_hal: Failed to get the frame on time![0m

***ERROR*** A stack overflow in task app_camera has been detected.


Backtrace: 0x40375bd2:0x3fca87a0 0x4037cd21:0x3fca87c0 0x4037f792:0x3fca87e0 0x4037e3c3:0x3fca8860 0x4037f8a0:0x3fca8880 0x4037f896:0xa5a5a5a5 |<-CORRUPTED




ELF file SHA256: 62de74eefa425caf

Rebooting...
ESP-ROM:esp32s3-20210327
Build:Mar 27 2021
rst:0x3 (RTC_SW_SYS_RST),boot:0x8 (SPI_FAST_FLASH_BOOT)
Saved PC:0x40379e1e
SPIWP:0xee
mode:DIO, clock div:1
load:0x3fce3818,len:0x1874
load:0x403c9700,len:0x4
load:0x403c9704,len:0xd88
load:0x403cc700,len:0x3070
entry 0x403c9934
[0;32mI (26) boot: ESP-IDF v5.1-rc1-dirty 2nd stage bootloader[0m
[0;32mI (26) boot: compile time Jun 16 2023 19:03:20[0m
[0;32mI (27) boot: Multicore bootloader[0m
[0;32mI (30) boot: chip revision: v0.1[0m
[0;32mI (34) qio_mode: Enabling default flash chip QIO[0m
[0;32mI (39) boot.esp32s3: Boot SPI Speed : 80MHz[0m
[0;32mI (44) boot.esp32s3: SPI Mode       : QIO[0m
[0;32mI (49) boot.esp32s3: SPI Flash Size : 8MB[0m
[0;32mI (53) boot: Enabling RNG early entropy source...[0m
[0;32mI (59) boot: Partition Table:[0m
[0;32mI (62) boot: ## Label            Usage          Type ST Offset   Length[0m
[0;32mI (70) boot:  0 factory          factory app      00 00 00010000 003c0000[0m
[0;32mI (77) boot:  1 nvs              WiFi data        01 02 003d0000 00004000[0m
[0;32mI (85) boot:  2 fr               Unknown data     01 06 003e0000 00020000[0m
[0;32mI (92) boot: End of partition table[0m
[0;32mI (96) esp_image: segment 0: paddr=00010020 vaddr=3c050020 size=cbadch (834268) map[0m
[0;32mI (231) esp_image: segment 1: paddr=000dbb04 vaddr=3fc95c00 size=03dc4h ( 15812) load[0m
[0;32mI (234) esp_image: segment 2: paddr=000df8d0 vaddr=40374000 size=00748h (  1864) load[0m
[0;32mI (237) esp_image: segment 3: paddr=000e0020 vaddr=42000020 size=4f134h (323892) map[0m
[0;32mI (294) esp_image: segment 4: paddr=0012f15c vaddr=40374748 size=11480h ( 70784) load[0m
[0;32mI (316) boot: Loaded app from partition at offset 0x10000[0m
[0;32mI (316) boot: Disabling RNG early entropy source...[0m
[0;32mI (317) cpu_start: Multicore app[0m
[0;32mI (320) octal_psram: vendor id    : 0x0d (AP)[0m
[0;32mI (325) octal_psram: dev id       : 0x02 (generation 3)[0m
[0;32mI (331) octal_psram: density      : 0x03 (64 Mbit)[0m
[0;32mI (337) octal_psram: good-die     : 0x01 (Pass)[0m
[0;32mI (342) octal_psram: Latency      : 0x01 (Fixed)[0m
[0;32mI (347) octal_psram: VCC          : 0x01 (3V)[0m
[0;32mI (352) octal_psram: SRF          : 0x01 (Fast Refresh)[0m
[0;32mI (358) octal_psram: BurstType    : 0x01 (Hybrid Wrap)[0m
[0;32mI (364) octal_psram: BurstLen     : 0x01 (32 Byte)[0m
[0;32mI (369) octal_psram: Readlatency  : 0x02 (10 cycles@Fixed)[0m
[0;32mI (376) octal_psram: DriveStrength: 0x00 (1/1)[0m
[0;32mI (381) esp_psram: Found 8MB PSRAM device[0m
[0;32mI (385) esp_psram: Speed: 80MHz[0m
[0;32mI (389) cpu_start: Pro cpu up.[0m
[0;32mI (393) cpu_start: Starting app cpu, entry point is 0x40375658[0m
[0;32mI (0) cpu_start: App cpu up.[0m
[0;32mI (720) esp_psram: SPI SRAM memory test OK[0m
[0;32mI (729) cpu_start: Pro cpu start user code[0m
[0;32mI (729) cpu_start: cpu freq: 240000000 Hz[0m
[0;32mI (730) cpu_start: Application information:[0m
[0;32mI (730) cpu_start: Project name:     yolo[0m
[0;32mI (730) cpu_start: App version:      4ff41bd-dirty[0m
[0;32mI (730) cpu_start: Compile time:     Jun 16 2023 19:10:47[0m
[0;32mI (730) cpu_start: ELF file SHA256:  62de74eefa425caf...[0m
[0;32mI (731) cpu_start: ESP-IDF:          v5.1-rc1-dirty[0m
[0;32mI (731) cpu_start: Min chip rev:     v0.0[0m
[0;32mI (731) cpu_start: Max chip rev:     v0.99 [0m
[0;32mI (731) cpu_start: Chip rev:         v0.1[0m
[0;32mI (731) heap_init: Initializing. RAM available for dynamic allocation:[0m
[0;32mI (731) heap_init: At 3FC9A7B8 len 0004EF58 (315 KiB): DRAM[0m
[0;32mI (732) heap_init: At 3FCE9710 len 00005724 (21 KiB): STACK/DRAM[0m
[0;32mI (732) heap_init: At 600FE010 len 00001FF0 (7 KiB): RTCRAM[0m
[0;32mI (732) esp_psram: Adding pool of 8192K of PSRAM memory to heap allocator[0m
[0;32mI (733) spi_flash: detected chip: gd[0m
[0;32mI (733) spi_flash: flash io: qio[0m
[0;32mI (733) sleep: Configure to isolate all GPIO pins in sleep state[0m
[0;32mI (734) sleep: Enable automatic switching of GPIO sleep configuration[0m
[0;32mI (734) app_start: Starting scheduler on CPU0[0m
[0;32mI (734) app_start: Starting scheduler on CPU1[0m
[0;32mI (734) main_task: Started on CPU0[0m
[0;32mI (744) esp_psram: Reserving pool of 32K of internal memory for DMA/internal allocations[0m
[0;32mI (744) main_task: Calling app_main()[0m
[0;32mI (744) app_camera: Camera module is XIAO-S3[0m
[0;32mI (744) s3 ll_cam: DMA Channel=4[0m
[0;32mI (744) cam_hal: cam init ok[0m
[0;32mI (744) sccb: pin_sda 40 pin_scl 39[0m
[0;32mI (744) sccb: sccb_i2c_port=1
[0m
[0;32mI (754) camera: Detected camera at address=0x30[0m
[0;32mI (754) camera: Detected OV2640 camera[0m
[0;32mI (754) camera: Camera PID=0x26 VER=0x42 MIDL=0x7f MIDH=0xa2[0m
[0;32mI (824) s3 ll_cam: node_size: 3840, nodes_per_line: 1, lines_per_node: 8[0m
[0;32mI (824) s3 ll_cam: dma_half_buffer_min:  3840, dma_half_buffer: 11520, lines_per_half_buffer: 24, dma_buffer_size: 23040[0m
[0;32mI (824) cam_hal: buffer_size: 23040, half_buffer_size: 11520, node_buffer_size: 3840, node_cnt: 6, total_cnt: 10[0m
[0;32mI (824) cam_hal: Allocating 115200 Byte frame buffer in PSRAM[0m
[0;32mI (824) cam_hal: Allocating 115200 Byte frame buffer in PSRAM[0m
[0;32mI (824) cam_hal: cam config ok[0m
[0;32mI (824) ov2640: Set PLL: clk_2x: 1, clk_div: 3, pclk_auto: 1, pclk_div: 8[0m
[0;32mI (914) spi_bus: SPI2 bus created[0m
[0;32mI (914) spi_bus: SPI2 bus device added, CS=2 Mode=0 Speed=40000000[0m
[0;31mE (924) screen driver: Screen controller not supported or not enabled in menuconfig[0m
[0;32mI (924) main_task: Returned from app_main()[0m
Predictions (DSP: 8 ms., Classification: 652 ms., Anomaly: 0 ms.): 
    Objects found: 1
    Objects:
    [
        {"class": "0", "x": 35, "y": 125, "w": 76, "h": 222, "confidence": 54},
    ]
Predictions (DSP: 8 ms., Classification: 649 ms., Anomaly: 0 ms.): 
    Objects found: 1
    Objects:
    [
        {"class": "0", "x": 35, "y": 131, "w": 76, "h": 222, "confidence": 52},
    ]
[0;33mW (5044) cam_hal: Failed to get the frame on time![0m

***ERROR*** A stack overflow in task app_camera has been detected.


Backtrace: 0x40375bd2:0x3fca87a0 0x4037cd21:0x3fca87c0 0x4037f792:0x3fca87e0 0x4037e3c3:0x3fca8860 0x4037f8a0:0x3fca8880 0x4037f896:0xa5a5a5a5 |<-CORRUPTED




ELF file SHA256: 62de74eefa425caf

Rebooting...
ESP-ROM:esp32s3-20210327
Build:Mar 27 2021
rst:0x3 (RTC_SW_SYS_RST),boot:0x8 (SPI_FAST_FLASH_BOOT)
Saved PC:0x40379e1e
SPIWP:0xee
mode:DIO, clock div:1
load:0x3fce3818,len:0x1874
load:0x403c9700,len:0x4
load:0x403c9704,len:0xd88
load:0x403cc700,len:0x3070
entry 0x403c9934
[0;32mI (26) boot: ESP-IDF v5.1-rc1-dirty 2nd stage bootloader[0m
[0;32mI (26) boot: compile time Jun 16 2023 19:03:20[0m
[0;32mI (27) boot: Multicore bootloader[0m
[0;32mI (30) boot: chip revision: v0.1[0m
[0;32mI (34) qio_mode: Enabling default flash chip QIO[0m
[0;32mI (39) boot.esp32s3: Boot SPI Speed : 80MHz[0m
[0;32mI (44) boot.esp32s3: SPI Mode       : QIO[0m
[0;32mI (49) boot.esp32s3: SPI Flash Size : 8MB[0m
[0;32mI (53) boot: Enabling RNG early entropy source...[0m
[0;32mI (59) boot: Partition Table:[0m
[0;32mI (62) boot: ## Label            Usage          Type ST Offset   Length[0m
[0;32mI (70) boot:  0 factory          factory app      00 00 00010000 003c0000[0m
[0;32mI (77) boot:  1 nvs              WiFi data        01 02 003d0000 00004000[0m
[0;32mI (85) boot:  2 fr               Unknown data     01 06 003e0000 00020000[0m
[0;32mI (92) boot: End of partition table[0m
[0;32mI (96) esp_image: segment 0: paddr=00010020 vaddr=3c050020 size=cbadch (834268) map[0m
[0;32mI (231) esp_image: segment 1: paddr=000dbb04 vaddr=3fc95c00 size=03dc4h ( 15812) load[0m
[0;32mI (234) esp_image: segment 2: paddr=000df8d0 vaddr=40374000 size=00748h (  1864) load[0m
[0;32mI (237) esp_image: segment 3: paddr=000e0020 vaddr=42000020 size=4f134h (323892) map[0m
[0;32mI (294) esp_image: segment 4: paddr=0012f15c vaddr=40374748 size=11480h ( 70784) load[0m
[0;32mI (316) boot: Loaded app from partition at offset 0x10000[0m
[0;32mI (316) boot: Disabling RNG early entropy source...[0m
[0;32mI (317) cpu_start: Multicore app[0m
[0;32mI (320) octal_psram: vendor id    : 0x0d (AP)[0m
[0;32mI (325) octal_psram: dev id       : 0x02 (generation 3)[0m
[0;32mI (331) octal_psram: density      : 0x03 (64 Mbit)[0m
[0;32mI (337) octal_psram: good-die     : 0x01 (Pass)[0m
[0;32mI (342) octal_psram: Latency      : 0x01 (Fixed)[0m
[0;32mI (347) octal_psram: VCC          : 0x01 (3V)[0m
[0;32mI (352) octal_psram: SRF          : 0x01 (Fast Refresh)[0m
[0;32mI (358) octal_psram: BurstType    : 0x01 (Hybrid Wrap)[0m
[0;32mI (364) octal_psram: BurstLen     : 0x01 (32 Byte)[0m
[0;32mI (369) octal_psram: Readlatency  : 0x02 (10 cycles@Fixed)[0m
[0;32mI (376) octal_psram: DriveStrength: 0x00 (1/1)[0m
[0;32mI (381) esp_psram: Found 8MB PSRAM device[0m
[0;32mI (385) esp_psram: Speed: 80MHz[0m
[0;32mI (389) cpu_start: Pro cpu up.[0m
[0;32mI (393) cpu_start: Starting app cpu, entry point is 0x40375658[0m
[0;32mI (0) cpu_start: App cpu up.[0m
[0;32mI (720) esp_psram: SPI SRAM memory test OK[0m
[0;32mI (729) cpu_start: Pro cpu start user code[0m
[0;32mI (729) cpu_start: cpu freq: 240000000 Hz[0m
[0;32mI (730) cpu_start: Application information:[0m
[0;32mI (730) cpu_start: Project name:     yolo[0m
[0;32mI (730) cpu_start: App version:      4ff41bd-dirty[0m
[0;32mI (730) cpu_start: Compile time:     Jun 16 2023 19:10:47[0m
[0;32mI (730) cpu_start: ELF file SHA256:  62de74eefa425caf...[0m
[0;32mI (731) cpu_start: ESP-IDF:          v5.1-rc1-dirty[0m
[0;32mI (731) cpu_start: Min chip rev:     v0.0[0m
[0;32mI (731) cpu_start: Max chip rev:     v0.99 [0m
[0;32mI (731) cpu_start: Chip rev:         v0.1[0m
[0;32mI (731) heap_init: Initializing. RAM available for dynamic allocation:[0m
[0;32mI (731) heap_init: At 3FC9A7B8 len 0004EF58 (315 KiB): DRAM[0m
[0;32mI (732) heap_init: At 3FCE9710 len 00005724 (21 KiB): STACK/DRAM[0m
[0;32mI (732) heap_init: At 600FE010 len 00001FF0 (7 KiB): RTCRAM[0m
[0;32mI (732) esp_psram: Adding pool of 8192K of PSRAM memory to heap allocator[0m
[0;32mI (733) spi_flash: detected chip: gd[0m
[0;32mI (733) spi_flash: flash io: qio[0m
[0;32mI (734) sleep: Configure to isolate all GPIO pins in sleep state[0m
[0;32mI (734) sleep: Enable automatic switching of GPIO sleep configuration[0m
[0;32mI (734) app_start: Starting scheduler on CPU0[0m
[0;32mI (735) app_start: Starting scheduler on CPU1[0m
[0;32mI (735) main_task: Started on CPU0[0m
[0;32mI (745) esp_psram: Reserving pool of 32K of internal memory for DMA/internal allocations[0m
[0;32mI (745) main_task: Calling app_main()[0m
[0;32mI (745) app_camera: Camera module is XIAO-S3[0m
[0;32mI (745) s3 ll_cam: DMA Channel=4[0m
[0;32mI (745) cam_hal: cam init ok[0m
[0;32mI (745) sccb: pin_sda 40 pin_scl 39[0m
[0;32mI (745) sccb: sccb_i2c_port=1
[0m
[0;32mI (755) camera: Detected camera at address=0x30[0m
[0;32mI (755) camera: Detected OV2640 camera[0m
[0;32mI (755) camera: Camera PID=0x26 VER=0x42 MIDL=0x7f MIDH=0xa2[0m
[0;32mI (825) s3 ll_cam: node_size: 3840, nodes_per_line: 1, lines_per_node: 8[0m
[0;32mI (825) s3 ll_cam: dma_half_buffer_min:  3840, dma_half_buffer: 11520, lines_per_half_buffer: 24, dma_buffer_size: 23040[0m
[0;32mI (825) cam_hal: buffer_size: 23040, half_buffer_size: 11520, node_buffer_size: 3840, node_cnt: 6, total_cnt: 10[0m
[0;32mI (825) cam_hal: Allocating 115200 Byte frame buffer in PSRAM[0m
[0;32mI (825) cam_hal: Allocating 115200 Byte frame buffer in PSRAM[0m
[0;32mI (825) cam_hal: cam config ok[0m
[0;32mI (825) ov2640: Set PLL: clk_2x: 1, clk_div: 3, pclk_auto: 1, pclk_div: 8[0m
[0;32mI (915) spi_bus: SPI2 bus created[0m
[0;32mI (915) spi_bus: SPI2 bus device added, CS=2 Mode=0 Speed=40000000[0m
[0;31mE (925) screen driver: Screen controller not supported or not enabled in menuconfig[0m
[0;32mI (925) main_task: Returned from app_main()[0m
Predictions (DSP: 8 ms., Classification: 652 ms., Anomaly: 0 ms.): 
    No objects found
Predictions (DSP: 7 ms., Classification: 650 ms., Anomaly: 0 ms.): 
    Objects found: 1
    Objects:
    [
        {"class": "0", "x": 35, "y": 128, "w": 76, "h": 222, "confidence": 52},
    ]
[0;33mW (5045) cam_hal: Failed to get the frame on time![0m

***ERROR*** A stack overflow in task app_camera has been detected.


Backtrace: 0x40375bd2:0x3fca87a0 0x4037cd21:0x3fca87c0 0x4037f792:0x3fca87e0 0x4037e3c3:0x3fca8860 0x4037f8a0:0x3fca8880 0x4037f896:0xa5a5a5a5 |<-CORRUPTED




ELF file SHA256: 62de74eefa425caf

Rebooting...
ESP-ROM:esp32s3-20210327
Build:Mar 27 2021
rst:0x3 (RTC_SW_SYS_RST),boot:0x8 (SPI_FAST_FLASH_BOOT)
Saved PC:0x40379e1e
SPIWP:0xee
mode:DIO, clock div:1
load:0x3fce3818,len:0x1874
load:0x403c9700,len:0x4
load:0x403c9704,len:0xd88
load:0x403cc700,len:0x3070
entry 0x403c9934
[0;32mI (26) boot: ESP-IDF v5.1-rc1-dirty 2nd stage bootloader[0m
[0;32mI (26) boot: compile time Jun 16 2023 19:03:20[0m
[0;32mI (27) boot: Multicore bootloader[0m
[0;32mI (30) boot: chip revision: v0.1[0m
[0;32mI (34) qio_mode: Enabling default flash chip QIO[0m
[0;32mI (39) boot.esp32s3: Boot SPI Speed : 80MHz[0m
[0;32mI (44) boot.esp32s3: SPI Mode       : QIO[0m
[0;32mI (49) boot.esp32s3: SPI Flash Size : 8MB[0m
[0;32mI (53) boot: Enabling RNG early entropy source...[0m
[0;32mI (59) boot: Partition Table:[0m
[0;32mI (62) boot: ## Label            Usage          Type ST Offset   Length[0m
[0;32mI (70) boot:  0 factory          factory app      00 00 00010000 003c0000[0m
[0;32mI (77) boot:  1 nvs              WiFi data        01 02 003d0000 00004000[0m
[0;32mI (85) boot:  2 fr               Unknown data     01 06 003e0000 00020000[0m
[0;32mI (92) boot: End of partition table[0m
[0;32mI (96) esp_image: segment 0: paddr=00010020 vaddr=3c050020 size=cbadch (834268) map[0m
[0;32mI (231) esp_image: segment 1: paddr=000dbb04 vaddr=3fc95c00 size=03dc4h ( 15812) load[0m
[0;32mI (234) esp_image: segment 2: paddr=000df8d0 vaddr=40374000 size=00748h (  1864) load[0m
[0;32mI (237) esp_image: segment 3: paddr=000e0020 vaddr=42000020 size=4f134h (323892) map[0m
[0;32mI (294) esp_image: segment 4: paddr=0012f15c vaddr=40374748 size=11480h ( 70784) load[0m
[0;32mI (316) boot: Loaded app from partition at offset 0x10000[0m
[0;32mI (316) boot: Disabling RNG early entropy source...[0m
[0;32mI (317) cpu_start: Multicore app[0m
[0;32mI (320) octal_psram: vendor id    : 0x0d (AP)[0m
[0;32mI (325) octal_psram: dev id       : 0x02 (generation 3)[0m
[0;32mI (331) octal_psram: density      : 0x03 (64 Mbit)[0m
[0;32mI (337) octal_psram: good-die     : 0x01 (Pass)[0m
[0;32mI (342) octal_psram: Latency      : 0x01 (Fixed)[0m
[0;32mI (347) octal_psram: VCC          : 0x01 (3V)[0m
[0;32mI (352) octal_psram: SRF          : 0x01 (Fast Refresh)[0m
[0;32mI (358) octal_psram: BurstType    : 0x01 (Hybrid Wrap)[0m
[0;32mI (364) octal_psram: BurstLen     : 0x01 (32 Byte)[0m
[0;32mI (369) octal_psram: Readlatency  : 0x02 (10 cycles@Fixed)[0m
[0;32mI (376) octal_psram: DriveStrength: 0x00 (1/1)[0m
[0;32mI (381) esp_psram: Found 8MB PSRAM device[0m
[0;32mI (385) esp_psram: Speed: 80MHz[0m
[0;32mI (389) cpu_start: Pro cpu up.[0m
[0;32mI (393) cpu_start: Starting app cpu, entry point is 0x40375658[0m
[0;32mI (0) cpu_start: App cpu up.[0m
[0;32mI (720) esp_psram: SPI SRAM memory test OK[0m
[0;32mI (729) cpu_start: Pro cpu start user code[0m
[0;32mI (729) cpu_start: cpu freq: 240000000 Hz[0m
[0;32mI (730) cpu_start: Application information:[0m
[0;32mI (730) cpu_start: Project name:     yolo[0m
[0;32mI (730) cpu_start: App version:      4ff41bd-dirty[0m
[0;32mI (730) cpu_start: Compile time:     Jun 16 2023 19:10:47[0m
[0;32mI (730) cpu_start: ELF file SHA256:  62de74eefa425caf...[0m
[0;32mI (731) cpu_start: ESP-IDF:          v5.1-rc1-dirty[0m
[0;32mI (731) cpu_start: Min chip rev:     v0.0[0m
[0;32mI (731) cpu_start: Max chip rev:     v0.99 [0m
[0;32mI (731) cpu_start: Chip rev:         v0.1[0m
[0;32mI (731) heap_init: Initializing. RAM available for dynamic allocation:[0m
[0;32mI (731) heap_init: At 3FC9A7B8 len 0004EF58 (315 KiB): DRAM[0m
[0;32mI (732) heap_init: At 3FCE9710 len 00005724 (21 KiB): STACK/DRAM[0m
[0;32mI (732) heap_init: At 600FE010 len 00001FF0 (7 KiB): RTCRAM[0m
[0;32mI (732) esp_psram: Adding pool of 8192K of PSRAM memory to heap allocator[0m
[0;32mI (733) spi_flash: detected chip: gd[0m
[0;32mI (733) spi_flash: flash io: qio[0m
[0;32mI (733) sleep: Configure to isolate all GPIO pins in sleep state[0m
[0;32mI (734) sleep: Enable automatic switching of GPIO sleep configuration[0m
[0;32mI (734) app_start: Starting scheduler on CPU0[0m
[0;32mI (734) app_start: Starting scheduler on CPU1[0m
[0;32mI (734) main_task: Started on CPU0[0m
[0;32mI (744) esp_psram: Reserving pool of 32K of internal memory for DMA/internal allocations[0m
[0;32mI (744) main_task: Calling app_main()[0m
[0;32mI (744) app_camera: Camera module is XIAO-S3[0m
[0;32mI (744) s3 ll_cam: DMA Channel=4[0m
[0;32mI (744) cam_hal: cam init ok[0m
[0;32mI (744) sccb: pin_sda 40 pin_scl 39[0m
[0;32mI (744) sccb: sccb_i2c_port=1
[0m
[0;32mI (754) camera: Detected camera at address=0x30[0m
[0;32mI (754) camera: Detected OV2640 camera[0m
[0;32mI (754) camera: Camera PID=0x26 VER=0x42 MIDL=0x7f MIDH=0xa2[0m
[0;32mI (824) s3 ll_cam: node_size: 3840, nodes_per_line: 1, lines_per_node: 8[0m
[0;32mI (824) s3 ll_cam: dma_half_buffer_min:  3840, dma_half_buffer: 11520, lines_per_half_buffer: 24, dma_buffer_size: 23040[0m
[0;32mI (824) cam_hal: buffer_size: 23040, half_buffer_size: 11520, node_buffer_size: 3840, node_cnt: 6, total_cnt: 10[0m
[0;32mI (824) cam_hal: Allocating 115200 Byte frame buffer in PSRAM[0m
[0;32mI (824) cam_hal: Allocating 115200 Byte frame buffer in PSRAM[0m
[0;32mI (824) cam_hal: cam config ok[0m
[0;32mI (824) ov2640: Set PLL: clk_2x: 1, clk_div: 3, pclk_auto: 1, pclk_div: 8[0m
[0;32mI (914) spi_bus: SPI2 bus created[0m
[0;32mI (914) spi_bus: SPI2 bus device added, CS=2 Mode=0 Speed=40000000[0m
[0;31mE (924) screen driver: Screen controller not supported or not enabled in menuconfig[0m
[0;32mI (924) main_task: Returned from app_main()[0m
Predictions (DSP: 8 ms., Classification: 652 ms., Anomaly: 0 ms.): 
    Objects found: 1
    Objects:
    [
        {"class": "0", "x": 33, "y": 135, "w": 76, "h": 196, "confidence": 45},
    ]
Predictions (DSP: 8 ms., Classification: 650 ms., Anomaly: 0 ms.): 
    Objects found: 1
    Objects:
    [
        {"class": "0", "x": 33, "y": 133, "w": 76, "h": 196, "confidence": 54},
    ]
[0;33mW (5044) cam_hal: Failed to get the frame on time![0m

***ERROR*** A stack overflow in task app_camera has been detected.


Backtrace: 0x40375bd2:0x3fca87a0 0x4037cd21:0x3fca87c0 0x4037f792:0x3fca87e0 0x4037e3c3:0x3fca8860 0x4037f8a0:0x3fca8880 0x4037f896:0xa5a5a5a5 |<-CORRUPTED




ELF file SHA256: 62de74eefa425caf

Rebooting...
ESP-ROM:esp32s3-20210327
Build:Mar 27 2021
rst:0x3 (RTC_SW_SYS_RST),boot:0x8 (SPI_FAST_FLASH_BOOT)
Saved PC:0x40379e1e
SPIWP:0xee
mode:DIO, clock div:1
load:0x3fce3818,len:0x1874
load:0x403c9700,len:0x4
load:0x403c9704,len:0xd88
load:0x403cc700,len:0x3070
entry 0x403c9934
[0;32mI (26) boot: ESP-IDF v5.1-rc1-dirty 2nd stage bootloader[0m
[0;32mI (26) boot: compile time Jun 16 2023 19:03:20[0m
[0;32mI (27) boot: Multicore bootloader[0m
[0;32mI (30) boot: chip revision: v0.1[0m
[0;32mI (34) qio_mode: Enabling default flash chip QIO[0m
[0;32mI (39) boot.esp32s3: Boot SPI Speed : 80MHz[0m
[0;32mI (44) boot.esp32s3: SPI Mode       : QIO[0m
[0;32mI (49) boot.esp32s3: SPI Flash Size : 8MB[0m
[0;32mI (53) boot: Enabling RNG early entropy source...[0m
[0;32mI (59) boot: Partition Table:[0m
[0;32mI (62) boot: ## Label            Usage          Type ST Offset   Length[0m
[0;32mI (70) boot:  0 factory          factory app      00 00 00010000 003c0000[0m
[0;32mI (77) boot:  1 nvs              WiFi data        01 02 003d0000 00004000[0m
[0;32mI (85) boot:  2 fr               Unknown data     01 06 003e0000 00020000[0m
[0;32mI (92) boot: End of partition table[0m
[0;32mI (96) esp_image: segment 0: paddr=00010020 vaddr=3c050020 size=cbadch (834268) map[0m
[0;32mI (231) esp_image: segment 1: paddr=000dbb04 vaddr=3fc95c00 size=03dc4h ( 15812) load[0m
[0;32mI (234) esp_image: segment 2: paddr=000df8d0 vaddr=40374000 size=00748h (  1864) load[0m
[0;32mI (237) esp_image: segment 3: paddr=000e0020 vaddr=42000020 size=4f134h (323892) map[0m
[0;32mI (294) esp_image: segment 4: paddr=0012f15c vaddr=40374748 size=11480h ( 70784) load[0m
[0;32mI (316) boot: Loaded app from partition at offset 0x10000[0m
[0;32mI (316) boot: Disabling RNG early entropy source...[0m
[0;32mI (317) cpu_start: Multicore app[0m
[0;32mI (320) octal_psram: vendor id    : 0x0d (AP)[0m
[0;32mI (325) octal_psram: dev id       : 0x02 (generation 3)[0m
[0;32mI (331) octal_psram: density      : 0x03 (64 Mbit)[0m
[0;32mI (337) octal_psram: good-die     : 0x01 (Pass)[0m
[0;32mI (342) octal_psram: Latency      : 0x01 (Fixed)[0m
[0;32mI (347) octal_psram: VCC          : 0x01 (3V)[0m
[0;32mI (352) octal_psram: SRF          : 0x01 (Fast Refresh)[0m
[0;32mI (358) octal_psram: BurstType    : 0x01 (Hybrid Wrap)[0m
[0;32mI (364) octal_psram: BurstLen     : 0x01 (32 Byte)[0m
[0;32mI (369) octal_psram: Readlatency  : 0x02 (10 cycles@Fixed)[0m
[0;32mI (376) octal_psram: DriveStrength: 0x00 (1/1)[0m
[0;32mI (381) esp_psram: Found 8MB PSRAM device[0m
[0;32mI (385) esp_psram: Speed: 80MHz[0m
[0;32mI (389) cpu_start: Pro cpu up.[0m
[0;32mI (393) cpu_start: Starting app cpu, entry point is 0x40375658[0m
[0;32mI (0) cpu_start: App cpu up.[0m
[0;32mI (720) esp_psram: SPI SRAM memory test OK[0m
[0;32mI (729) cpu_start: Pro cpu start user code[0m
[0;32mI (729) cpu_start: cpu freq: 240000000 Hz[0m
[0;32mI (730) cpu_start: Application information:[0m
[0;32mI (730) cpu_start: Project name:     yolo[0m
[0;32mI (730) cpu_start: App version:      4ff41bd-dirty[0m
[0;32mI (730) cpu_start: Compile time:     Jun 16 2023 19:10:47[0m
[0;32mI (730) cpu_start: ELF file SHA256:  62de74eefa425caf...[0m
[0;32mI (731) cpu_start: ESP-IDF:          v5.1-rc1-dirty[0m
[0;32mI (731) cpu_start: Min chip rev:     v0.0[0m
[0;32mI (731) cpu_start: Max chip rev:     v0.99 [0m
[0;32mI (731) cpu_start: Chip rev:         v0.1[0m
[0;32mI (731) heap_init: Initializing. RAM available for dynamic allocation:[0m
[0;32mI (731) heap_init: At 3FC9A7B8 len 0004EF58 (315 KiB): DRAM[0m
[0;32mI (732) heap_init: At 3FCE9710 len 00005724 (21 KiB): STACK/DRAM[0m
[0;32mI (732) heap_init: At 600FE010 len 00001FF0 (7 KiB): RTCRAM[0m
[0;32mI (732) esp_psram: Adding pool of 8192K of PSRAM memory to heap allocator[0m
[0;32mI (733) spi_flash: detected chip: gd[0m
[0;32mI (733) spi_flash: flash io: qio[0m
[0;32mI (733) sleep: Configure to isolate all GPIO pins in sleep state[0m
[0;32mI (734) sleep: Enable automatic switching of GPIO sleep configuration[0m
[0;32mI (734) app_start: Starting scheduler on CPU0[0m
[0;32mI (734) app_start: Starting scheduler on CPU1[0m
[0;32mI (734) main_task: Started on CPU0[0m
[0;32mI (744) esp_psram: Reserving pool of 32K of internal memory for DMA/internal allocations[0m
[0;32mI (744) main_task: Calling app_main()[0m
[0;32mI (744) app_camera: Camera module is XIAO-S3[0m
[0;32mI (744) s3 ll_cam: DMA Channel=4[0m
[0;32mI (744) cam_hal: cam init ok[0m
[0;32mI (744) sccb: pin_sda 40 pin_scl 39[0m
[0;32mI (744) sccb: sccb_i2c_port=1
[0m
[0;32mI (754) camera: Detected camera at address=0x30[0m
[0;32mI (754) camera: Detected OV2640 camera[0m
[0;32mI (754) camera: Camera PID=0x26 VER=0x42 MIDL=0x7f MIDH=0xa2[0m
[0;32mI (824) s3 ll_cam: node_size: 3840, nodes_per_line: 1, lines_per_node: 8[0m
[0;32mI (824) s3 ll_cam: dma_half_buffer_min:  3840, dma_half_buffer: 11520, lines_per_half_buffer: 24, dma_buffer_size: 23040[0m
[0;32mI (824) cam_hal: buffer_size: 23040, half_buffer_size: 11520, node_buffer_size: 3840, node_cnt: 6, total_cnt: 10[0m
[0;32mI (824) cam_hal: Allocating 115200 Byte frame buffer in PSRAM[0m
[0;32mI (824) cam_hal: Allocating 115200 Byte frame buffer in PSRAM[0m
[0;32mI (824) cam_hal: cam config ok[0m
[0;32mI (824) ov2640: Set PLL: clk_2x: 1, clk_div: 3, pclk_auto: 1, pclk_div: 8[0m
[0;32mI (914) spi_bus: SPI2 bus created[0m
[0;32mI (914) spi_bus: SPI2 bus device added, CS=2 Mode=0 Speed=40000000[0m
[0;31mE (924) screen driver: Screen controller not supported or not enabled in menuconfig[0m
[0;32mI (924) main_task: Returned from app_main()[0m
Predictions (DSP: 8 ms., Classification: 652 ms., Anomaly: 0 ms.): 
    No objects found
Predictions (DSP: 7 ms., Classification: 650 ms., Anomaly: 0 ms.): 
    No objects found
[0;33mW (5044) cam_hal: Failed to get the frame on time![0m

***ERROR*** A stack overflow in task app_camera has been detected.


Backtrace: 0x40375bd2:0x3fca87a0 0x4037cd21:0x3fca87c0 0x4037f792:0x3fca87e0 0x4037e3c3:0x3fca8860 0x4037f8a0:0x3fca8880 0x4037f896:0xa5a5a5a5 |<-CORRUPTED




ELF file SHA256: 62de74eefa425caf

Rebooting...
ESP-ROM:esp32s3-20210327
Build:Mar 27 2021
rst:0x3 (RTC_SW_SYS_RST),boot:0x8 (SPI_FAST_FLASH_BOOT)
Saved PC:0x40379e1e
SPIWP:0xee
mode:DIO, clock div:1
load:0x3fce3818,len:0x1874
load:0x403c9700,len:0x4
load:0x403c9704,len:0xd88
load:0x403cc700,len:0x3070
entry 0x403c9934
[0;32mI (26) boot: ESP-IDF v5.1-rc1-dirty 2nd stage bootloader[0m
[0;32mI (26) boot: compile time Jun 16 2023 19:03:20[0m
[0;32mI (27) boot: Multicore bootloader[0m
[0;32mI (30) boot: chip revision: v0.1[0m
[0;32mI (34) qio_mode: Enabling default flash chip QIO[0m
[0;32mI (39) boot.esp32s3: Boot SPI Speed : 80MHz[0m
[0;32mI (44) boot.esp32s3: SPI Mode       : QIO[0m
[0;32mI (49) boot.esp32s3: SPI Flash Size : 8MB[0m
[0;32mI (53) boot: Enabling RNG early entropy source...[0m
[0;32mI (59) boot: Partition Table:[0m
[0;32mI (62) boot: ## Label            Usage          Type ST Offset   Length[0m
[0;32mI (70) boot:  0 factory          factory app      00 00 00010000 003c0000[0m
[0;32mI (77) boot:  1 nvs              WiFi data        01 02 003d0000 00004000[0m
[0;32mI (85) boot:  2 fr               Unknown data     01 06 003e0000 00020000[0m
[0;32mI (92) boot: End of partition table[0m
[0;32mI (96) esp_image: segment 0: paddr=00010020 vaddr=3c050020 size=cbadch (834268) map[0m
[0;32mI (231) esp_image: segment 1: paddr=000dbb04 vaddr=3fc95c00 size=03dc4h ( 15812) load[0m
[0;32mI (234) esp_image: segment 2: paddr=000df8d0 vaddr=40374000 size=00748h (  1864) load[0m
[0;32mI (237) esp_image: segment 3: paddr=000e0020 vaddr=42000020 size=4f134h (323892) map[0m
[0;32mI (294) esp_image: segment 4: paddr=0012f15c vaddr=40374748 size=11480h ( 70784) load[0m
[0;32mI (316) boot: Loaded app from partition at offset 0x10000[0m
[0;32mI (316) boot: Disabling RNG early entropy source...[0m
[0;32mI (317) cpu_start: Multicore app[0m
[0;32mI (320) octal_psram: vendor id    : 0x0d (AP)[0m
[0;32mI (325) octal_psram: dev id       : 0x02 (generation 3)[0m
[0;32mI (331) octal_psram: density      : 0x03 (64 Mbit)[0m
[0;32mI (337) octal_psram: good-die     : 0x01 (Pass)[0m
[0;32mI (342) octal_psram: Latency      : 0x01 (Fixed)[0m
[0;32mI (347) octal_psram: VCC          : 0x01 (3V)[0m
[0;32mI (352) octal_psram: SRF          : 0x01 (Fast Refresh)[0m
[0;32mI (358) octal_psram: BurstType    : 0x01 (Hybrid Wrap)[0m
[0;32mI (364) octal_psram: BurstLen     : 0x01 (32 Byte)[0m
[0;32mI (369) octal_psram: Readlatency  : 0x02 (10 cycles@Fixed)[0m
[0;32mI (376) octal_psram: DriveStrength: 0x00 (1/1)[0m
[0;32mI (381) esp_psram: Found 8MB PSRAM device[0m
[0;32mI (385) esp_psram: Speed: 80MHz[0m
[0;32mI (389) cpu_start: Pro cpu up.[0m
[0;32mI (393) cpu_start: Starting app cpu, entry point is 0x40375658[0m
[0;32mI (0) cpu_start: App cpu up.[0m
[0;32mI (720) esp_psram: SPI SRAM memory test OK[0m
[0;32mI (729) cpu_start: Pro cpu start user code[0m
[0;32mI (729) cpu_start: cpu freq: 240000000 Hz[0m
[0;32mI (730) cpu_start: Application information:[0m
[0;32mI (730) cpu_start: Project name:     yolo[0m
[0;32mI (730) cpu_start: App version:      4ff41bd-dirty[0m
[0;32mI (730) cpu_start: Compile time:     Jun 16 2023 19:10:47[0m
[0;32mI (730) cpu_start: ELF file SHA256:  62de74eefa425caf...[0m
[0;32mI (731) cpu_start: ESP-IDF:          v5.1-rc1-dirty[0m
[0;32mI (731) cpu_start: Min chip rev:     v0.0[0m
[0;32mI (731) cpu_start: Max chip rev:     v0.99 [0m
[0;32mI (731) cpu_start: Chip rev:         v0.1[0m
[0;32mI (731) heap_init: Initializing. RAM available for dynamic allocation:[0m
[0;32mI (731) heap_init: At 3FC9A7B8 len 0004EF58 (315 KiB): DRAM[0m
[0;32mI (732) heap_init: At 3FCE9710 len 00005724 (21 KiB): STACK/DRAM[0m
[0;32mI (732) heap_init: At 600FE010 len 00001FF0 (7 KiB): RTCRAM[0m
[0;32mI (732) esp_psram: Adding pool of 8192K of PSRAM memory to heap allocator[0m
[0;32mI (733) spi_flash: detected chip: gd[0m
[0;32mI (733) spi_flash: flash io: qio[0m
[0;32mI (733) sleep: Configure to isolate all GPIO pins in sleep state[0m
[0;32mI (734) sleep: Enable automatic switching of GPIO sleep configuration[0m
[0;32mI (734) app_start: Starting scheduler on CPU0[0m
[0;32mI (734) app_start: Starting scheduler on CPU1[0m
[0;32mI (734) main_task: Started on CPU0[0m
[0;32mI (744) esp_psram: Reserving pool of 32K of internal memory for DMA/internal allocations[0m
[0;32mI (744) main_task: Calling app_main()[0m
[0;32mI (744) app_camera: Camera module is XIAO-S3[0m
[0;32mI (744) s3 ll_cam: DMA Channel=4[0m
[0;32mI (744) cam_hal: cam init ok[0m
[0;32mI (744) sccb: pin_sda 40 pin_scl 39[0m
[0;32mI (744) sccb: sccb_i2c_port=1
[0m
[0;32mI (754) camera: Detected camera at address=0x30[0m
[0;32mI (754) camera: Detected OV2640 camera[0m
[0;32mI (754) camera: Camera PID=0x26 VER=0x42 MIDL=0x7f MIDH=0xa2[0m
[0;32mI (824) s3 ll_cam: node_size: 3840, nodes_per_line: 1, lines_per_node: 8[0m
[0;32mI (824) s3 ll_cam: dma_half_buffer_min:  3840, dma_half_buffer: 11520, lines_per_half_buffer: 24, dma_buffer_size: 23040[0m
[0;32mI (824) cam_hal: buffer_size: 23040, half_buffer_size: 11520, node_buffer_size: 3840, node_cnt: 6, total_cnt: 10[0m
[0;32mI (824) cam_hal: Allocating 115200 Byte frame buffer in PSRAM[0m
[0;32mI (824) cam_hal: Allocating 115200 Byte frame buffer in PSRAM[0m
[0;32mI (824) cam_hal: cam config ok[0m
[0;32mI (824) ov2640: Set PLL: clk_2x: 1, clk_div: 3, pclk_auto: 1, pclk_div: 8[0m
[0;32mI (914) spi_bus: SPI2 bus created[0m
[0;32mI (914) spi_bus: SPI2 bus device added, CS=2 Mode=0 Speed=40000000[0m
[0;31mE (924) screen driver: Screen controller not supported or not enabled in menuconfig[0m
[0;32mI (924) main_task: Returned from app_main()[0m
Predictions (DSP: 8 ms., Classification: 652 ms., Anomaly: 0 ms.): 
    Objects found: 1
    Objects:
    [
        {"class": "0", "x": 35, "y": 123, "w": 76, "h": 222, "confidence": 45},
    ]
Predictions (DSP: 8 ms., Classification: 650 ms., Anomaly: 0 ms.): 
    No objects found
[0;33mW (5044) cam_hal: Failed to get the frame on time![0m

***ERROR*** A stack overflow in task app_camera has been detected.


Backtrace: 0x40375bd2:0x3fca87a0 0x4037cd21:0x3fca87c0 0x4037f792:0x3fca87e0 0x4037e3c3:0x3fca8860 0x4037f8a0:0x3fca8880 0x4037f896:0xa5a5a5a5 |<-CORRUPTED




ELF file SHA256: 62de74eefa425caf

Rebooting...
ESP-ROM:esp32s3-20210327
Build:Mar 27 2021
rst:0x3 (RTC_SW_SYS_RST),boot:0x8 (SPI_FAST_FLASH_BOOT)
Saved PC:0x40379e1e
SPIWP:0xee
mode:DIO, clock div:1
load:0x3fce3818,len:0x1874
load:0x403c9700,len:0x4
load:0x403c9704,len:0xd88
load:0x403cc700,len:0x3070
entry 0x403c9934
[0;32mI (26) boot: ESP-IDF v5.1-rc1-dirty 2nd stage bootloader[0m
[0;32mI (26) boot: compile time Jun 16 2023 19:03:20[0m
[0;32mI (27) boot: Multicore bootloader[0m
[0;32mI (30) boot: chip revision: v0.1[0m
[0;32mI (34) qio_mode: Enabling default flash chip QIO[0m
[0;32mI (39) boot.esp32s3: Boot SPI Speed : 80MHz[0m
[0;32mI (44) boot.esp32s3: SPI Mode       : QIO[0m
[0;32mI (49) boot.esp32s3: SPI Flash Size : 8MB[0m
[0;32mI (53) boot: Enabling RNG early entropy source...[0m
[0;32mI (59) boot: Partition Table:[0m
[0;32mI (62) boot: ## Label            Usage          Type ST Offset   Length[0m
[0;32mI (70) boot:  0 factory          factory app      00 00 00010000 003c0000[0m
[0;32mI (77) boot:  1 nvs              WiFi data        01 02 003d0000 00004000[0m
[0;32mI (85) boot:  2 fr               Unknown data     01 06 003e0000 00020000[0m
[0;32mI (92) boot: End of partition table[0m
[0;32mI (96) esp_image: segment 0: paddr=00010020 vaddr=3c050020 size=cbadch (834268) map[0m
[0;32mI (231) esp_image: segment 1: paddr=000dbb04 vaddr=3fc95c00 size=03dc4h ( 15812) load[0m
[0;32mI (234) esp_image: segment 2: paddr=000df8d0 vaddr=40374000 size=00748h (  1864) load[0m
[0;32mI (237) esp_image: segment 3: paddr=000e0020 vaddr=42000020 size=4f134h (323892) map[0m
[0;32mI (294) esp_image: segment 4: paddr=0012f15c vaddr=40374748 size=11480h ( 70784) load[0m
[0;32mI (316) boot: Loaded app from partition at offset 0x10000[0m
[0;32mI (316) boot: Disabling RNG early entropy source...[0m
[0;32mI (317) cpu_start: Multicore app[0m
[0;32mI (320) octal_psram: vendor id    : 0x0d (AP)[0m
[0;32mI (325) octal_psram: dev id       : 0x02 (generation 3)[0m
[0;32mI (331) octal_psram: density      : 0x03 (64 Mbit)[0m
[0;32mI (337) octal_psram: good-die     : 0x01 (Pass)[0m
[0;32mI (342) octal_psram: Latency      : 0x01 (Fixed)[0m
[0;32mI (347) octal_psram: VCC          : 0x01 (3V)[0m
[0;32mI (352) octal_psram: SRF          : 0x01 (Fast Refresh)[0m
[0;32mI (358) octal_psram: BurstType    : 0x01 (Hybrid Wrap)[0m
[0;32mI (364) octal_psram: BurstLen     : 0x01 (32 Byte)[0m
[0;32mI (369) octal_psram: Readlatency  : 0x02 (10 cycles@Fixed)[0m
[0;32mI (376) octal_psram: DriveStrength: 0x00 (1/1)[0m
[0;32mI (381) esp_psram: Found 8MB PSRAM device[0m
[0;32mI (385) esp_psram: Speed: 80MHz[0m
[0;32mI (389) cpu_start: Pro cpu up.[0m
[0;32mI (393) cpu_start: Starting app cpu, entry point is 0x40375658[0m
[0;32mI (0) cpu_start: App cpu up.[0m
[0;32mI (720) esp_psram: SPI SRAM memory test OK[0m
[0;32mI (729) cpu_start: Pro cpu start user code[0m
[0;32mI (729) cpu_start: cpu freq: 240000000 Hz[0m
[0;32mI (730) cpu_start: Application information:[0m
[0;32mI (730) cpu_start: Project name:     yolo[0m
[0;32mI (730) cpu_start: App version:      4ff41bd-dirty[0m
[0;32mI (730) cpu_start: Compile time:     Jun 16 2023 19:10:47[0m
[0;32mI (730) cpu_start: ELF file SHA256:  62de74eefa425caf...[0m
[0;32mI (731) cpu_start: ESP-IDF:          v5.1-rc1-dirty[0m
[0;32mI (731) cpu_start: Min chip rev:     v0.0[0m
[0;32mI (731) cpu_start: Max chip rev:     v0.99 [0m
[0;32mI (731) cpu_start: Chip rev:         v0.1[0m
[0;32mI (731) heap_init: Initializing. RAM available for dynamic allocation:[0m
[0;32mI (731) heap_init: At 3FC9A7B8 len 0004EF58 (315 KiB): DRAM[0m
[0;32mI (732) heap_init: At 3FCE9710 len 00005724 (21 KiB): STACK/DRAM[0m
[0;32mI (732) heap_init: At 600FE010 len 00001FF0 (7 KiB): RTCRAM[0m
[0;32mI (732) esp_psram: Adding pool of 8192K of PSRAM memory to heap allocator[0m
[0;32mI (733) spi_flash: detected chip: gd[0m
[0;32mI (733) spi_flash: flash io: qio[0m
[0;32mI (733) sleep: Configure to isolate all GPIO pins in sleep state[0m
[0;32mI (734) sleep: Enable automatic switching of GPIO sleep configuration[0m
[0;32mI (734) app_start: Starting scheduler on CPU0[0m
[0;32mI (734) app_start: Starting scheduler on CPU1[0m
[0;32mI (734) main_task: Started on CPU0[0m
[0;32mI (744) esp_psram: Reserving pool of 32K of internal memory for DMA/internal allocations[0m
[0;32mI (744) main_task: Calling app_main()[0m
[0;32mI (744) app_camera: Camera module is XIAO-S3[0m
[0;32mI (744) s3 ll_cam: DMA Channel=4[0m
[0;32mI (744) cam_hal: cam init ok[0m
[0;32mI (744) sccb: pin_sda 40 pin_scl 39[0m
[0;32mI (744) sccb: sccb_i2c_port=1
[0m
[0;32mI (754) camera: Detected camera at address=0x30[0m
[0;32mI (754) camera: Detected OV2640 camera[0m
[0;32mI (754) camera: Camera PID=0x26 VER=0x42 MIDL=0x7f MIDH=0xa2[0m
[0;32mI (824) s3 ll_cam: node_size: 3840, nodes_per_line: 1, lines_per_node: 8[0m
[0;32mI (824) s3 ll_cam: dma_half_buffer_min:  3840, dma_half_buffer: 11520, lines_per_half_buffer: 24, dma_buffer_size: 23040[0m
[0;32mI (824) cam_hal: buffer_size: 23040, half_buffer_size: 11520, node_buffer_size: 3840, node_cnt: 6, total_cnt: 10[0m
[0;32mI (824) cam_hal: Allocating 115200 Byte frame buffer in PSRAM[0m
[0;32mI (824) cam_hal: Allocating 115200 Byte frame buffer in PSRAM[0m
[0;32mI (824) cam_hal: cam config ok[0m
[0;32mI (824) ov2640: Set PLL: clk_2x: 1, clk_div: 3, pclk_auto: 1, pclk_div: 8[0m
[0;32mI (914) spi_bus: SPI2 bus created[0m
[0;32mI (914) spi_bus: SPI2 bus device added, CS=2 Mode=0 Speed=40000000[0m
[0;31mE (924) screen driver: Screen controller not supported or not enabled in menuconfig[0m
[0;32mI (924) main_task: Returned from app_main()[0m
Predictions (DSP: 8 ms., Classification: 652 ms., Anomaly: 0 ms.): 
    No objects found
Predictions (DSP: 8 ms., Classification: 650 ms., Anomaly: 0 ms.): 
    No objects found
[0;33mW (5044) cam_hal: Failed to get the frame on time![0m

***ERROR*** A stack overflow in task app_camera has been detected.


Backtrace: 0x40375bd2:0x3fca87a0 0x4037cd21:0x3fca87c0 0x4037f792:0x3fca87e0 0x4037e3c3:0x3fca8860 0x4037f8a0:0x3fca8880 0x4037f896:0xa5a5a5a5 |<-CORRUPTED




ELF file SHA256: 62de74eefa425caf

Rebooting...
ESP-ROM:esp32s3-20210327
Build:Mar 27 2021
rst:0x3 (RTC_SW_SYS_RST),boot:0x8 (SPI_FAST_FLASH_BOOT)
Saved PC:0x40379e1e
SPIWP:0xee
mode:DIO, clock div:1
load:0x3fce3818,len:0x1874
load:0x403c9700,len:0x4
load:0x403c9704,len:0xd88
load:0x403cc700,len:0x3070
entry 0x403c9934
[0;32mI (26) boot: ESP-IDF v5.1-rc1-dirty 2nd stage bootloader[0m
[0;32mI (26) boot: compile time Jun 16 2023 19:03:20[0m
[0;32mI (27) boot: Multicore bootloader[0m
[0;32mI (30) boot: chip revision: v0.1[0m
[0;32mI (34) qio_mode: Enabling default flash chip QIO[0m
[0;32mI (39) boot.esp32s3: Boot SPI Speed : 80MHz[0m
[0;32mI (44) boot.esp32s3: SPI Mode       : QIO[0m
[0;32mI (49) boot.esp32s3: SPI Flash Size : 8MB[0m
[0;32mI (53) boot: Enabling RNG early entropy source...[0m
[0;32mI (59) boot: Partition Table:[0m
[0;32mI (62) boot: ## Label            Usage          Type ST Offset   Length[0m
[0;32mI (70) boot:  0 factory          factory app      00 00 00010000 003c0000[0m
[0;32mI (77) boot:  1 nvs              WiFi data        01 02 003d0000 00004000[0m
[0;32mI (85) boot:  2 fr               Unknown data     01 06 003e0000 00020000[0m
[0;32mI (92) boot: End of partition table[0m
[0;32mI (96) esp_image: segment 0: paddr=00010020 vaddr=3c050020 size=cbadch (834268) map[0m
[0;32mI (231) esp_image: segment 1: paddr=000dbb04 vaddr=3fc95c00 size=03dc4h ( 15812) load[0m
[0;32mI (234) esp_image: segment 2: paddr=000df8d0 vaddr=40374000 size=00748h (  1864) load[0m
[0;32mI (237) esp_image: segment 3: paddr=000e0020 vaddr=42000020 size=4f134h (323892) map[0m
[0;32mI (294) esp_image: segment 4: paddr=0012f15c vaddr=40374748 size=11480h ( 70784) load[0m
[0;32mI (316) boot: Loaded app from partition at offset 0x10000[0m
[0;32mI (316) boot: Disabling RNG early entropy source...[0m
[0;32mI (317) cpu_start: Multicore app[0m
[0;32mI (320) octal_psram: vendor id    : 0x0d (AP)[0m
[0;32mI (325) octal_psram: dev id       : 0x02 (generation 3)[0m
[0;32mI (331) octal_psram: density      : 0x03 (64 Mbit)[0m
[0;32mI (337) octal_psram: good-die     : 0x01 (Pass)[0m
[0;32mI (342) octal_psram: Latency      : 0x01 (Fixed)[0m
[0;32mI (347) octal_psram: VCC          : 0x01 (3V)[0m
[0;32mI (352) octal_psram: SRF          : 0x01 (Fast Refresh)[0m
[0;32mI (358) octal_psram: BurstType    : 0x01 (Hybrid Wrap)[0m
[0;32mI (364) octal_psram: BurstLen     : 0x01 (32 Byte)[0m
[0;32mI (369) octal_psram: Readlatency  : 0x02 (10 cycles@Fixed)[0m
[0;32mI (376) octal_psram: DriveStrength: 0x00 (1/1)[0m
[0;32mI (381) esp_psram: Found 8MB PSRAM device[0m
[0;32mI (385) esp_psram: Speed: 80MHz[0m
[0;32mI (389) cpu_start: Pro cpu up.[0m
[0;32mI (393) cpu_start: Starting app cpu, entry point is 0x40375658[0m
[0;32mI (0) cpu_start: App cpu up.[0m
[0;32mI (720) esp_psram: SPI SRAM memory test OK[0m
[0;32mI (729) cpu_start: Pro cpu start user code[0m
[0;32mI (729) cpu_start: cpu freq: 240000000 Hz[0m
[0;32mI (730) cpu_start: Application information:[0m
[0;32mI (730) cpu_start: Project name:     yolo[0m
[0;32mI (730) cpu_start: App version:      4ff41bd-dirty[0m
[0;32mI (730) cpu_start: Compile time:     Jun 16 2023 19:10:47[0m
[0;32mI (730) cpu_start: ELF file SHA256:  62de74eefa425caf...[0m
[0;32mI (731) cpu_start: ESP-IDF:          v5.1-rc1-dirty[0m
[0;32mI (731) cpu_start: Min chip rev:     v0.0[0m
[0;32mI (731) cpu_start: Max chip rev:     v0.99 [0m
[0;32mI (731) cpu_start: Chip rev:         v0.1[0m
[0;32mI (731) heap_init: Initializing. RAM available for dynamic allocation:[0m
[0;32mI (731) heap_init: At 3FC9A7B8 len 0004EF58 (315 KiB): DRAM[0m
[0;32mI (732) heap_init: At 3FCE9710 len 00005724 (21 KiB): STACK/DRAM[0m
[0;32mI (732) heap_init: At 600FE010 len 00001FF0 (7 KiB): RTCRAM[0m
[0;32mI (732) esp_psram: Adding pool of 8192K of PSRAM memory to heap allocator[0m
[0;32mI (733) spi_flash: detected chip: gd[0m
[0;32mI (733) spi_flash: flash io: qio[0m
[0;32mI (733) sleep: Configure to isolate all GPIO pins in sleep state[0m
[0;32mI (734) sleep: Enable automatic switching of GPIO sleep configuration[0m
[0;32mI (734) app_start: Starting scheduler on CPU0[0m
[0;32mI (735) app_start: Starting scheduler on CPU1[0m
[0;32mI (735) main_task: Started on CPU0[0m
[0;32mI (745) esp_psram: Reserving pool of 32K of internal memory for DMA/internal allocations[0m
[0;32mI (745) main_task: Calling app_main()[0m
[0;32mI (745) app_camera: Camera module is XIAO-S3[0m
[0;32mI (745) s3 ll_cam: DMA Channel=4[0m
[0;32mI (745) cam_hal: cam init ok[0m
[0;32mI (745) sccb: pin_sda 40 pin_scl 39[0m
[0;32mI (745) sccb: sccb_i2c_port=1
[0m
[0;32mI (755) camera: Detected camera at address=0x30[0m
[0;32mI (755) camera: Detected OV2640 camera[0m
[0;32mI (755) camera: Camera PID=0x26 VER=0x42 MIDL=0x7f MIDH=0xa2[0m
[0;32mI (825) s3 ll_cam: node_size: 3840, nodes_per_line: 1, lines_per_node: 8[0m
[0;32mI (825) s3 ll_cam: dma_half_buffer_min:  3840, dma_half_buffer: 11520, lines_per_half_buffer: 24, dma_buffer_size: 23040[0m
[0;32mI (825) cam_hal: buffer_size: 23040, half_buffer_size: 11520, node_buffer_size: 3840, node_cnt: 6, total_cnt: 10[0m
[0;32mI (825) cam_hal: Allocating 115200 Byte frame buffer in PSRAM[0m
[0;32mI (825) cam_hal: Allocating 115200 Byte frame buffer in PSRAM[0m
[0;32mI (825) cam_hal: cam config ok[0m
[0;32mI (825) ov2640: Set PLL: clk_2x: 1, clk_div: 3, pclk_auto: 1, pclk_div: 8[0m
[0;32mI (915) spi_bus: SPI2 bus created[0m
[0;32mI (915) spi_bus: SPI2 bus device added, CS=2 Mode=0 Speed=40000000[0m
[0;31mE (925) screen driver: Screen controller not supported or not enabled in menuconfig[0m
[0;32mI (925) main_task: Returned from app_main()[0m
Predictions (DSP: 8 ms., Classification: 652 ms., Anomaly: 0 ms.): 
    Objects found: 1
    Objects:
    [
        {"class": "0", "x": 35, "y": 121, "w": 76, "h": 222, "confidence": 54},
    ]
Predictions (DSP: 8 ms., Classification: 650 ms., Anomaly: 0 ms.): 
    Objects found: 1
    Objects:
    [
        {"class": "0", "x": 33, "y": 130, "w": 76, "h": 222, "confidence": 52},
    ]
[0;33mW (5045) cam_hal: Failed to get the frame on time![0m

***ERROR*** A stack overflow in task app_camera has been detected.


Backtrace: 0x40375bd2:0x3fca87a0 0x4037cd21:0x3fca87c0 0x4037f792:0x3fca87e0 0x4037e3c3:0x3fca8860 0x4037f8a0:0x3fca8880 0x4037f896:0xa5a5a5a5 |<-CORRUPTED




ELF file SHA256: 62de74eefa425caf

Rebooting...
ESP-ROM:esp32s3-20210327
Build:Mar 27 2021
rst:0x3 (RTC_SW_SYS_RST),boot:0x8 (SPI_FAST_FLASH_BOOT)
Saved PC:0x40379e1e
SPIWP:0xee
mode:DIO, clock div:1
load:0x3fce3818,len:0x1874
load:0x403c9700,len:0x4
load:0x403c9704,len:0xd88
load:0x403cc700,len:0x3070
entry 0x403c9934
[0;32mI (26) boot: ESP-IDF v5.1-rc1-dirty 2nd stage bootloader[0m
[0;32mI (26) boot: compile time Jun 16 2023 19:03:20[0m
[0;32mI (27) boot: Multicore bootloader[0m
[0;32mI (30) boot: chip revision: v0.1[0m
[0;32mI (34) qio_mode: Enabling default flash chip QIO[0m
[0;32mI (39) boot.esp32s3: Boot SPI Speed : 80MHz[0m
[0;32mI (44) boot.esp32s3: SPI Mode       : QIO[0m
[0;32mI (49) boot.esp32s3: SPI Flash Size : 8MB[0m
[0;32mI (53) boot: Enabling RNG early entropy source...[0m
[0;32mI (59) boot: Partition Table:[0m
[0;32mI (62) boot: ## Label            Usage          Type ST Offset   Length[0m
[0;32mI (70) boot:  0 factory          factory app      00 00 00010000 003c0000[0m
[0;32mI (77) boot:  1 nvs              WiFi data        01 02 003d0000 00004000[0m
[0;32mI (85) boot:  2 fr               Unknown data     01 06 003e0000 00020000[0m
[0;32mI (92) boot: End of partition table[0m
[0;32mI (96) esp_image: segment 0: paddr=00010020 vaddr=3c050020 size=cbadch (834268) map[0m
[0;32mI (231) esp_image: segment 1: paddr=000dbb04 vaddr=3fc95c00 size=03dc4h ( 15812) load[0m
[0;32mI (234) esp_image: segment 2: paddr=000df8d0 vaddr=40374000 size=00748h (  1864) load[0m
[0;32mI (237) esp_image: segment 3: paddr=000e0020 vaddr=42000020 size=4f134h (323892) map[0m
[0;32mI (294) esp_image: segment 4: paddr=0012f15c vaddr=40374748 size=11480h ( 70784) load[0m
[0;32mI (316) boot: Loaded app from partition at offset 0x10000[0m
[0;32mI (316) boot: Disabling RNG early entropy source...[0m
[0;32mI (317) cpu_start: Multicore app[0m
[0;32mI (320) octal_psram: vendor id    : 0x0d (AP)[0m
[0;32mI (325) octal_psram: dev id       : 0x02 (generation 3)[0m
[0;32mI (331) octal_psram: density      : 0x03 (64 Mbit)[0m
[0;32mI (337) octal_psram: good-die     : 0x01 (Pass)[0m
[0;32mI (342) octal_psram: Latency      : 0x01 (Fixed)[0m
[0;32mI (347) octal_psram: VCC          : 0x01 (3V)[0m
[0;32mI (352) octal_psram: SRF          : 0x01 (Fast Refresh)[0m
[0;32mI (358) octal_psram: BurstType    : 0x01 (Hybrid Wrap)[0m
[0;32mI (364) octal_psram: BurstLen     : 0x01 (32 Byte)[0m
[0;32mI (369) octal_psram: Readlatency  : 0x02 (10 cycles@Fixed)[0m
[0;32mI (376) octal_psram: DriveStrength: 0x00 (1/1)[0m
[0;32mI (381) esp_psram: Found 8MB PSRAM device[0m
[0;32mI (385) esp_psram: Speed: 80MHz[0m
[0;32mI (389) cpu_start: Pro cpu up.[0m
[0;32mI (393) cpu_start: Starting app cpu, entry point is 0x40375658[0m
[0;32mI (0) cpu_start: App cpu up.[0m
[0;32mI (720) esp_psram: SPI SRAM memory test OK[0m
[0;32mI (729) cpu_start: Pro cpu start user code[0m
[0;32mI (729) cpu_start: cpu freq: 240000000 Hz[0m
[0;32mI (730) cpu_start: Application information:[0m
[0;32mI (730) cpu_start: Project name:     yolo[0m
[0;32mI (730) cpu_start: App version:      4ff41bd-dirty[0m
[0;32mI (730) cpu_start: Compile time:     Jun 16 2023 19:10:47[0m
[0;32mI (730) cpu_start: ELF file SHA256:  62de74eefa425caf...[0m
[0;32mI (731) cpu_start: ESP-IDF:          v5.1-rc1-dirty[0m
[0;32mI (731) cpu_start: Min chip rev:     v0.0[0m
[0;32mI (731) cpu_start: Max chip rev:     v0.99 [0m
[0;32mI (731) cpu_start: Chip rev:         v0.1[0m
[0;32mI (731) heap_init: Initializing. RAM available for dynamic allocation:[0m
[0;32mI (732) heap_init: At 3FC9A7B8 len 0004EF58 (315 KiB): DRAM[0m
[0;32mI (732) heap_init: At 3FCE9710 len 00005724 (21 KiB): STACK/DRAM[0m
[0;32mI (732) heap_init: At 600FE010 len 00001FF0 (7 KiB): RTCRAM[0m
[0;32mI (732) esp_psram: Adding pool of 8192K of PSRAM memory to heap allocator[0m
[0;32mI (733) spi_flash: detected chip: gd[0m
[0;32mI (733) spi_flash: flash io: qio[0m
[0;32mI (733) sleep: Configure to isolate all GPIO pins in sleep state[0m
[0;32mI (734) sleep: Enable automatic switching of GPIO sleep configuration[0m
[0;32mI (734) app_start: Starting scheduler on CPU0[0m
[0;32mI (735) app_start: Starting scheduler on CPU1[0m
[0;32mI (735) main_task: Started on CPU0[0m
[0;32mI (745) esp_psram: Reserving pool of 32K of internal memory for DMA/internal allocations[0m
[0;32mI (745) main_task: Calling app_main()[0m
[0;32mI (745) app_camera: Camera module is XIAO-S3[0m
[0;32mI (745) s3 ll_cam: DMA Channel=4[0m
[0;32mI (745) cam_hal: cam init ok[0m
[0;32mI (745) sccb: pin_sda 40 pin_scl 39[0m
[0;32mI (745) sccb: sccb_i2c_port=1
[0m
[0;32mI (755) camera: Detected camera at address=0x30[0m
[0;32mI (755) camera: Detected OV2640 camera[0m
[0;32mI (755) camera: Camera PID=0x26 VER=0x42 MIDL=0x7f MIDH=0xa2[0m
[0;32mI (825) s3 ll_cam: node_size: 3840, nodes_per_line: 1, lines_per_node: 8[0m
[0;32mI (825) s3 ll_cam: dma_half_buffer_min:  3840, dma_half_buffer: 11520, lines_per_half_buffer: 24, dma_buffer_size: 23040[0m
[0;32mI (825) cam_hal: buffer_size: 23040, half_buffer_size: 11520, node_buffer_size: 3840, node_cnt: 6, total_cnt: 10[0m
[0;32mI (825) cam_hal: Allocating 115200 Byte frame buffer in PSRAM[0m
[0;32mI (825) cam_hal: Allocating 115200 Byte frame buffer in PSRAM[0m
[0;32mI (825) cam_hal: cam config ok[0m
[0;32mI (825) ov2640: Set PLL: clk_2x: 1, clk_div: 3, pclk_auto: 1, pclk_div: 8[0m
[0;32mI (915) spi_bus: SPI2 bus created[0m
[0;32mI (915) spi_bus: SPI2 bus device added, CS=2 Mode=0 Speed=40000000[0m
[0;31mE (925) screen driver: Screen controller not supported or not enabled in menuconfig[0m
[0;32mI (925) main_task: Returned from app_main()[0m
Predictions (DSP: 8 ms., Classification: 652 ms., Anomaly: 0 ms.): 
    No objects found
Predictions (DSP: 7 ms., Classification: 650 ms., Anomaly: 0 ms.): 
    No objects found
[0;33mW (5045) cam_hal: Failed to get the frame on time![0m

***ERROR*** A stack overflow in task app_camera has been detected.


Backtrace: 0x40375bd2:0x3fca87a0 0x4037cd21:0x3fca87c0 0x4037f792:0x3fca87e0 0x4037e3c3:0x3fca8860 0x4037f8a0:0x3fca8880 0x4037f896:0xa5a5a5a5 |<-CORRUPTED




ELF file SHA256: 62de74eefa425caf

Rebooting...
ESP-ROM:esp32s3-20210327
Build:Mar 27 2021
rst:0x3 (RTC_SW_SYS_RST),boot:0x8 (SPI_FAST_FLASH_BOOT)
Saved PC:0x40379e1e
SPIWP:0xee
mode:DIO, clock div:1
load:0x3fce3818,len:0x1874
load:0x403c9700,len:0x4
load:0x403c9704,len:0xd88
load:0x403cc700,len:0x3070
entry 0x403c9934
[0;32mI (26) boot: ESP-IDF v5.1-rc1-dirty 2nd stage bootloader[0m
[0;32mI (26) boot: compile time Jun 16 2023 19:03:20[0m
[0;32mI (27) boot: Multicore bootloader[0m
[0;32mI (30) boot: chip revision: v0.1[0m
[0;32mI (34) qio_mode: Enabling default flash chip QIO[0m
[0;32mI (39) boot.esp32s3: Boot SPI Speed : 80MHz[0m
[0;32mI (44) boot.esp32s3: SPI Mode       : QIO[0m
[0;32mI (49) boot.esp32s3: SPI Flash Size : 8MB[0m
[0;32mI (53) boot: Enabling RNG early entropy source...[0m
[0;32mI (59) boot: Partition Table:[0m
[0;32mI (62) boot: ## Label            Usage          Type ST Offset   Length[0m
[0;32mI (70) boot:  0 factory          factory app      00 00 00010000 003c0000[0m
[0;32mI (77) boot:  1 nvs              WiFi data        01 02 003d0000 00004000[0m
[0;32mI (85) boot:  2 fr               Unknown data     01 06 003e0000 00020000[0m
[0;32mI (92) boot: End of partition table[0m
[0;32mI (96) esp_image: segment 0: paddr=00010020 vaddr=3c050020 size=cbadch (834268) map[0m
[0;32mI (231) esp_image: segment 1: paddr=000dbb04 vaddr=3fc95c00 size=03dc4h ( 15812) load[0m
[0;32mI (234) esp_image: segment 2: paddr=000df8d0 vaddr=40374000 size=00748h (  1864) load[0m
[0;32mI (237) esp_image: segment 3: paddr=000e0020 vaddr=42000020 size=4f134h (323892) map[0m
[0;32mI (294) esp_image: segment 4: paddr=0012f15c vaddr=40374748 size=11480h ( 70784) load[0m
[0;32mI (316) boot: Loaded app from partition at offset 0x10000[0m
[0;32mI (316) boot: Disabling RNG early entropy source...[0m
[0;32mI (317) cpu_start: Multicore app[0m
[0;32mI (320) octal_psram: vendor id    : 0x0d (AP)[0m
[0;32mI (325) octal_psram: dev id       : 0x02 (generation 3)[0m
[0;32mI (331) octal_psram: density      : 0x03 (64 Mbit)[0m
[0;32mI (337) octal_psram: good-die     : 0x01 (Pass)[0m
[0;32mI (342) octal_psram: Latency      : 0x01 (Fixed)[0m
[0;32mI (347) octal_psram: VCC          : 0x01 (3V)[0m
[0;32mI (352) octal_psram: SRF          : 0x01 (Fast Refresh)[0m
[0;32mI (358) octal_psram: BurstType    : 0x01 (Hybrid Wrap)[0m
[0;32mI (364) octal_psram: BurstLen     : 0x01 (32 Byte)[0m
[0;32mI (369) octal_psram: Readlatency  : 0x02 (10 cycles@Fixed)[0m
[0;32mI (376) octal_psram: DriveStrength: 0x00 (1/1)[0m
[0;32mI (381) esp_psram: Found 8MB PSRAM device[0m
[0;32mI (385) esp_psram: Speed: 80MHz[0m
[0;32mI (389) cpu_start: Pro cpu up.[0m
[0;32mI (393) cpu_start: Starting app cpu, entry point is 0x40375658[0m
[0;32mI (0) cpu_start: App cpu up.[0m
[0;32mI (720) esp_psram: SPI SRAM memory test OK[0m
[0;32mI (729) cpu_start: Pro cpu start user code[0m
[0;32mI (729) cpu_start: cpu freq: 240000000 Hz[0m
[0;32mI (730) cpu_start: Application information:[0m
[0;32mI (730) cpu_start: Project name:     yolo[0m
[0;32mI (730) cpu_start: App version:      4ff41bd-dirty[0m
[0;32mI (730) cpu_start: Compile time:     Jun 16 2023 19:10:47[0m
[0;32mI (730) cpu_start: ELF file SHA256:  62de74eefa425caf...[0m
[0;32mI (731) cpu_start: ESP-IDF:          v5.1-rc1-dirty[0m
[0;32mI (731) cpu_start: Min chip rev:     v0.0[0m
[0;32mI (731) cpu_start: Max chip rev:     v0.99 [0m
[0;32mI (731) cpu_start: Chip rev:         v0.1[0m
[0;32mI (731) heap_init: Initializing. RAM available for dynamic allocation:[0m
[0;32mI (731) heap_init: At 3FC9A7B8 len 0004EF58 (315 KiB): DRAM[0m
[0;32mI (732) heap_init: At 3FCE9710 len 00005724 (21 KiB): STACK/DRAM[0m
[0;32mI (732) heap_init: At 600FE010 len 00001FF0 (7 KiB): RTCRAM[0m
[0;32mI (732) esp_psram: Adding pool of 8192K of PSRAM memory to heap allocator[0m
[0;32mI (733) spi_flash: detected chip: gd[0m
[0;32mI (733) spi_flash: flash io: qio[0m
[0;32mI (733) sleep: Configure to isolate all GPIO pins in sleep state[0m
[0;32mI (734) sleep: Enable automatic switching of GPIO sleep configuration[0m
[0;32mI (734) app_start: Starting scheduler on CPU0[0m
[0;32mI (734) app_start: Starting scheduler on CPU1[0m
[0;32mI (734) main_task: Started on CPU0[0m
[0;32mI (744) esp_psram: Reserving pool of 32K of internal memory for DMA/internal allocations[0m
[0;32mI (744) main_task: Calling app_main()[0m
[0;32mI (744) app_camera: Camera module is XIAO-S3[0m
[0;32mI (744) s3 ll_cam: DMA Channel=4[0m
[0;32mI (744) cam_hal: cam init ok[0m
[0;32mI (744) sccb: pin_sda 40 pin_scl 39[0m
[0;32mI (744) sccb: sccb_i2c_port=1
[0m
[0;32mI (754) camera: Detected camera at address=0x30[0m
[0;32mI (754) camera: Detected OV2640 camera[0m
[0;32mI (754) camera: Camera PID=0x26 VER=0x42 MIDL=0x7f MIDH=0xa2[0m
[0;32mI (824) s3 ll_cam: node_size: 3840, nodes_per_line: 1, lines_per_node: 8[0m
[0;32mI (824) s3 ll_cam: dma_half_buffer_min:  3840, dma_half_buffer: 11520, lines_per_half_buffer: 24, dma_buffer_size: 23040[0m
[0;32mI (824) cam_hal: buffer_size: 23040, half_buffer_size: 11520, node_buffer_size: 3840, node_cnt: 6, total_cnt: 10[0m
[0;32mI (824) cam_hal: Allocating 115200 Byte frame buffer in PSRAM[0m
[0;32mI (824) cam_hal: Allocating 115200 Byte frame buffer in PSRAM[0m
[0;32mI (824) cam_hal: cam config ok[0m
[0;32mI (824) ov2640: Set PLL: clk_2x: 1, clk_div: 3, pclk_auto: 1, pclk_div: 8[0m
[0;32mI (914) spi_bus: SPI2 bus created[0m
[0;32mI (914) spi_bus: SPI2 bus device added, CS=2 Mode=0 Speed=40000000[0m
[0;31mE (924) screen driver: Screen controller not supported or not enabled in menuconfig[0m
[0;32mI (924) main_task: Returned from app_main()[0m
Predictions (DSP: 8 ms., Classification: 652 ms., Anomaly: 0 ms.): 
    Objects found: 1
    Objects:
    [
        {"class": "0", "x": 35, "y": 116, "w": 76, "h": 222, "confidence": 54},
    ]
Predictions (DSP: 8 ms., Classification: 649 ms., Anomaly: 0 ms.): 
    Objects found: 1
    Objects:
    [
        {"class": "0", "x": 35, "y": 117, "w": 76, "h": 222, "confidence": 42},
    ]
[0;33mW (5044) cam_hal: Failed to get the frame on time![0m

***ERROR*** A stack overflow in task app_camera has been detected.


Backtrace: 0x40375bd2:0x3fca87a0 0x4037cd21:0x3fca87c0 0x4037f792:0x3fca87e0 0x4037e3c3:0x3fca8860 0x4037f8a0:0x3fca8880 0x4037f896:0xa5a5a5a5 |<-CORRUPTED




ELF file SHA256: 62de74eefa425caf

Rebooting...
ESP-ROM:esp32s3-20210327
Build:Mar 27 2021
rst:0x3 (RTC_SW_SYS_RST),boot:0x8 (SPI_FAST_FLASH_BOOT)
Saved PC:0x40379e1e
SPIWP:0xee
mode:DIO, clock div:1
load:0x3fce3818,len:0x1874
load:0x403c9700,len:0x4
load:0x403c9704,len:0xd88
load:0x403cc700,len:0x3070
entry 0x403c9934
[0;32mI (26) boot: ESP-IDF v5.1-rc1-dirty 2nd stage bootloader[0m
[0;32mI (26) boot: compile time Jun 16 2023 19:03:20[0m
[0;32mI (27) boot: Multicore bootloader[0m
[0;32mI (30) boot: chip revision: v0.1[0m
[0;32mI (34) qio_mode: Enabling default flash chip QIO[0m
[0;32mI (39) boot.esp32s3: Boot SPI Speed : 80MHz[0m
[0;32mI (44) boot.esp32s3: SPI Mode       : QIO[0m
[0;32mI (49) boot.esp32s3: SPI Flash Size : 8MB[0m
[0;32mI (53) boot: Enabling RNG early entropy source...[0m
[0;32mI (59) boot: Partition Table:[0m
[0;32mI (62) boot: ## Label            Usage          Type ST Offset   Length[0m
[0;32mI (70) boot:  0 factory          factory app      00 00 00010000 003c0000[0m
[0;32mI (77) boot:  1 nvs              WiFi data        01 02 003d0000 00004000[0m
[0;32mI (85) boot:  2 fr               Unknown data     01 06 003e0000 00020000[0m
[0;32mI (92) boot: End of partition table[0m
[0;32mI (96) esp_image: segment 0: paddr=00010020 vaddr=3c050020 size=cbadch (834268) map[0m
[0;32mI (231) esp_image: segment 1: paddr=000dbb04 vaddr=3fc95c00 size=03dc4h ( 15812) load[0m
[0;32mI (234) esp_image: segment 2: paddr=000df8d0 vaddr=40374000 size=00748h (  1864) load[0m
[0;32mI (237) esp_image: segment 3: paddr=000e0020 vaddr=42000020 size=4f134h (323892) map[0m
[0;32mI (294) esp_image: segment 4: paddr=0012f15c vaddr=40374748 size=11480h ( 70784) load[0m
[0;32mI (316) boot: Loaded app from partition at offset 0x10000[0m
[0;32mI (316) boot: Disabling RNG early entropy source...[0m
[0;32mI (317) cpu_start: Multicore app[0m
[0;32mI (320) octal_psram: vendor id    : 0x0d (AP)[0m
[0;32mI (325) octal_psram: dev id       : 0x02 (generation 3)[0m
[0;32mI (331) octal_psram: density      : 0x03 (64 Mbit)[0m
[0;32mI (337) octal_psram: good-die     : 0x01 (Pass)[0m
[0;32mI (342) octal_psram: Latency      : 0x01 (Fixed)[0m
[0;32mI (347) octal_psram: VCC          : 0x01 (3V)[0m
[0;32mI (352) octal_psram: SRF          : 0x01 (Fast Refresh)[0m
[0;32mI (358) octal_psram: BurstType    : 0x01 (Hybrid Wrap)[0m
[0;32mI (364) octal_psram: BurstLen     : 0x01 (32 Byte)[0m
[0;32mI (369) octal_psram: Readlatency  : 0x02 (10 cycles@Fixed)[0m
[0;32mI (376) octal_psram: DriveStrength: 0x00 (1/1)[0m
[0;32mI (381) esp_psram: Found 8MB PSRAM device[0m
[0;32mI (385) esp_psram: Speed: 80MHz[0m
[0;32mI (389) cpu_start: Pro cpu up.[0m
[0;32mI (393) cpu_start: Starting app cpu, entry point is 0x40375658[0m
[0;32mI (0) cpu_start: App cpu up.[0m
[0;32mI (720) esp_psram: SPI SRAM memory test OK[0m
[0;32mI (729) cpu_start: Pro cpu start user code[0m
[0;32mI (729) cpu_start: cpu freq: 240000000 Hz[0m
[0;32mI (730) cpu_start: Application information:[0m
[0;32mI (730) cpu_start: Project name:     yolo[0m
[0;32mI (730) cpu_start: App version:      4ff41bd-dirty[0m
[0;32mI (730) cpu_start: Compile time:     Jun 16 2023 19:10:47[0m
[0;32mI (730) cpu_start: ELF file SHA256:  62de74eefa425caf...[0m
[0;32mI (731) cpu_start: ESP-IDF:          v5.1-rc1-dirty[0m
[0;32mI (731) cpu_start: Min chip rev:     v0.0[0m
[0;32mI (731) cpu_start: Max chip rev:     v0.99 [0m
[0;32mI (731) cpu_start: Chip rev:         v0.1[0m
[0;32mI (731) heap_init: Initializing. RAM available for dynamic allocation:[0m
[0;32mI (731) heap_init: At 3FC9A7B8 len 0004EF58 (315 KiB): DRAM[0m
[0;32mI (732) heap_init: At 3FCE9710 len 00005724 (21 KiB): STACK/DRAM[0m
[0;32mI (732) heap_init: At 600FE010 len 00001FF0 (7 KiB): RTCRAM[0m
[0;32mI (732) esp_psram: Adding pool of 8192K of PSRAM memory to heap allocator[0m
[0;32mI (733) spi_flash: detected chip: gd[0m
[0;32mI (733) spi_flash: flash io: qio[0m
[0;32mI (733) sleep: Configure to isolate all GPIO pins in sleep state[0m
[0;32mI (734) sleep: Enable automatic switching of GPIO sleep configuration[0m
[0;32mI (734) app_start: Starting scheduler on CPU0[0m
[0;32mI (734) app_start: Starting scheduler on CPU1[0m
[0;32mI (734) main_task: Started on CPU0[0m
[0;32mI (744) esp_psram: Reserving pool of 32K of internal memory for DMA/internal allocations[0m
[0;32mI (744) main_task: Calling app_main()[0m
[0;32mI (744) app_camera: Camera module is XIAO-S3[0m
[0;32mI (744) s3 ll_cam: DMA Channel=4[0m
[0;32mI (744) cam_hal: cam init ok[0m
[0;32mI (744) sccb: pin_sda 40 pin_scl 39[0m
[0;32mI (744) sccb: sccb_i2c_port=1
[0m
[0;32mI (754) camera: Detected camera at address=0x30[0m
[0;32mI (754) camera: Detected OV2640 camera[0m
[0;32mI (754) camera: Camera PID=0x26 VER=0x42 MIDL=0x7f MIDH=0xa2[0m
[0;32mI (824) s3 ll_cam: node_size: 3840, nodes_per_line: 1, lines_per_node: 8[0m
[0;32mI (824) s3 ll_cam: dma_half_buffer_min:  3840, dma_half_buffer: 11520, lines_per_half_buffer: 24, dma_buffer_size: 23040[0m
[0;32mI (824) cam_hal: buffer_size: 23040, half_buffer_size: 11520, node_buffer_size: 3840, node_cnt: 6, total_cnt: 10[0m
[0;32mI (824) cam_hal: Allocating 115200 Byte frame buffer in PSRAM[0m
[0;32mI (824) cam_hal: Allocating 115200 Byte frame buffer in PSRAM[0m
[0;32mI (824) cam_hal: cam config ok[0m
[0;32mI (824) ov2640: Set PLL: clk_2x: 1, clk_div: 3, pclk_auto: 1, pclk_div: 8[0m
[0;32mI (914) spi_bus: SPI2 bus created[0m
[0;32mI (914) spi_bus: SPI2 bus device added, CS=2 Mode=0 Speed=40000000[0m
[0;31mE (924) screen driver: Screen controller not supported or not enabled in menuconfig[0m
[0;32mI (924) main_task: Returned from app_main()[0m
Predictions (DSP: 8 ms., Classification: 652 ms., Anomaly: 0 ms.): 
    Objects found: 1
    Objects:
    [
        {"class": "0", "x": 36, "y": 118, "w": 76, "h": 222, "confidence": 40},
    ]
Predictions (DSP: 8 ms., Classification: 649 ms., Anomaly: 0 ms.): 
    Objects found: 1
    Objects:
    [
        {"class": "0", "x": 35, "y": 121, "w": 76, "h": 222, "confidence": 52},
    ]
[0;33mW (5044) cam_hal: Failed to get the frame on time![0m

***ERROR*** A stack overflow in task app_camera has been detected.


Backtrace: 0x40375bd2:0x3fca87a0 0x4037cd21:0x3fca87c0 0x4037f792:0x3fca87e0 0x4037e3c3:0x3fca8860 0x4037f8a0:0x3fca8880 0x4037f896:0xa5a5a5a5 |<-CORRUPTED




ELF file SHA256: 62de74eefa425caf

Rebooting...
ESP-ROM:esp32s3-20210327
Build:Mar 27 2021
rst:0x3 (RTC_SW_SYS_RST),boot:0x8 (SPI_FAST_FLASH_BOOT)
Saved PC:0x40379e1e
SPIWP:0xee
mode:DIO, clock div:1
load:0x3fce3818,len:0x1874
load:0x403c9700,len:0x4
load:0x403c9704,len:0xd88
load:0x403cc700,len:0x3070
entry 0x403c9934
[0;32mI (26) boot: ESP-IDF v5.1-rc1-dirty 2nd stage bootloader[0m
[0;32mI (26) boot: compile time Jun 16 2023 19:03:20[0m
[0;32mI (27) boot: Multicore bootloader[0m
[0;32mI (30) boot: chip revision: v0.1[0m
[0;32mI (34) qio_mode: Enabling default flash chip QIO[0m
[0;32mI (39) boot.esp32s3: Boot SPI Speed : 80MHz[0m
[0;32mI (44) boot.esp32s3: SPI Mode       : QIO[0m
[0;32mI (49) boot.esp32s3: SPI Flash Size : 8MB[0m
[0;32mI (53) boot: Enabling RNG early entropy source...[0m
[0;32mI (59) boot: Partition Table:[0m
[0;32mI (62) boot: ## Label            Usage          Type ST Offset   Length[0m
[0;32mI (70) boot:  0 factory          factory app      00 00 00010000 003c0000[0m
[0;32mI (77) boot:  1 nvs              WiFi data        01 02 003d0000 00004000[0m
[0;32mI (85) boot:  2 fr               Unknown data     01 06 003e0000 00020000[0m
[0;32mI (92) boot: End of partition table[0m
[0;32mI (96) esp_image: segment 0: paddr=00010020 vaddr=3c050020 size=cbadch (834268) map[0m
[0;32mI (231) esp_image: segment 1: paddr=000dbb04 vaddr=3fc95c00 size=03dc4h ( 15812) load[0m
[0;32mI (234) esp_image: segment 2: paddr=000df8d0 vaddr=40374000 size=00748h (  1864) load[0m
[0;32mI (237) esp_image: segment 3: paddr=000e0020 vaddr=42000020 size=4f134h (323892) map[0m
[0;32mI (294) esp_image: segment 4: paddr=0012f15c vaddr=40374748 size=11480h ( 70784) load[0m
[0;32mI (316) boot: Loaded app from partition at offset 0x10000[0m
[0;32mI (316) boot: Disabling RNG early entropy source...[0m
[0;32mI (317) cpu_start: Multicore app[0m
[0;32mI (320) octal_psram: vendor id    : 0x0d (AP)[0m
[0;32mI (325) octal_psram: dev id       : 0x02 (generation 3)[0m
[0;32mI (331) octal_psram: density      : 0x03 (64 Mbit)[0m
[0;32mI (337) octal_psram: good-die     : 0x01 (Pass)[0m
[0;32mI (342) octal_psram: Latency      : 0x01 (Fixed)[0m
[0;32mI (347) octal_psram: VCC          : 0x01 (3V)[0m
[0;32mI (352) octal_psram: SRF          : 0x01 (Fast Refresh)[0m
[0;32mI (358) octal_psram: BurstType    : 0x01 (Hybrid Wrap)[0m
[0;32mI (364) octal_psram: BurstLen     : 0x01 (32 Byte)[0m
[0;32mI (369) octal_psram: Readlatency  : 0x02 (10 cycles@Fixed)[0m
[0;32mI (376) octal_psram: DriveStrength: 0x00 (1/1)[0m
[0;32mI (381) esp_psram: Found 8MB PSRAM device[0m
[0;32mI (385) esp_psram: Speed: 80MHz[0m
[0;32mI (389) cpu_start: Pro cpu up.[0m
[0;32mI (393) cpu_start: Starting app cpu, entry point is 0x40375658[0m
[0;32mI (0) cpu_start: App cpu up.[0m
[0;32mI (720) esp_psram: SPI SRAM memory test OK[0m
[0;32mI (729) cpu_start: Pro cpu start user code[0m
[0;32mI (729) cpu_start: cpu freq: 240000000 Hz[0m
[0;32mI (730) cpu_start: Application information:[0m
[0;32mI (730) cpu_start: Project name:     yolo[0m
[0;32mI (730) cpu_start: App version:      4ff41bd-dirty[0m
[0;32mI (730) cpu_start: Compile time:     Jun 16 2023 19:10:47[0m
[0;32mI (730) cpu_start: ELF file SHA256:  62de74eefa425caf...[0m
[0;32mI (731) cpu_start: ESP-IDF:          v5.1-rc1-dirty[0m
[0;32mI (731) cpu_start: Min chip rev:     v0.0[0m
[0;32mI (731) cpu_start: Max chip rev:     v0.99 [0m
[0;32mI (731) cpu_start: Chip rev:         v0.1[0m
[0;32mI (731) heap_init: Initializing. RAM available for dynamic allocation:[0m
[0;32mI (732) heap_init: At 3FC9A7B8 len 0004EF58 (315 KiB): DRAM[0m
[0;32mI (732) heap_init: At 3FCE9710 len 00005724 (21 KiB): STACK/DRAM[0m
[0;32mI (732) heap_init: At 600FE010 len 00001FF0 (7 KiB): RTCRAM[0m
[0;32mI (732) esp_psram: Adding pool of 8192K of PSRAM memory to heap allocator[0m
[0;32mI (733) spi_flash: detected chip: gd[0m
[0;32mI (733) spi_flash: flash io: qio[0m
[0;32mI (733) sleep: Configure to isolate all GPIO pins in sleep state[0m
[0;32mI (734) sleep: Enable automatic switching of GPIO sleep configuration[0m
[0;32mI (734) app_start: Starting scheduler on CPU0[0m
[0;32mI (735) app_start: Starting scheduler on CPU1[0m
[0;32mI (735) main_task: Started on CPU0[0m
[0;32mI (745) esp_psram: Reserving pool of 32K of internal memory for DMA/internal allocations[0m
[0;32mI (745) main_task: Calling app_main()[0m
[0;32mI (745) app_camera: Camera module is XIAO-S3[0m
[0;32mI (745) s3 ll_cam: DMA Channel=4[0m
[0;32mI (745) cam_hal: cam init ok[0m
[0;32mI (745) sccb: pin_sda 40 pin_scl 39[0m
[0;32mI (745) sccb: sccb_i2c_port=1
[0m
[0;32mI (755) camera: Detected camera at address=0x30[0m
[0;32mI (755) camera: Detected OV2640 camera[0m
[0;32mI (755) camera: Camera PID=0x26 VER=0x42 MIDL=0x7f MIDH=0xa2[0m
[0;32mI (825) s3 ll_cam: node_size: 3840, nodes_per_line: 1, lines_per_node: 8[0m
[0;32mI (825) s3 ll_cam: dma_half_buffer_min:  3840, dma_half_buffer: 11520, lines_per_half_buffer: 24, dma_buffer_size: 23040[0m
[0;32mI (825) cam_hal: buffer_size: 23040, half_buffer_size: 11520, node_buffer_size: 3840, node_cnt: 6, total_cnt: 10[0m
[0;32mI (825) cam_hal: Allocating 115200 Byte frame buffer in PSRAM[0m
[0;32mI (825) cam_hal: Allocating 115200 Byte frame buffer in PSRAM[0m
[0;32mI (825) cam_hal: cam config ok[0m
[0;32mI (825) ov2640: Set PLL: clk_2x: 1, clk_div: 3, pclk_auto: 1, pclk_div: 8[0m
[0;32mI (915) spi_bus: SPI2 bus created[0m
[0;32mI (915) spi_bus: SPI2 bus device added, CS=2 Mode=0 Speed=40000000[0m
[0;31mE (925) screen driver: Screen controller not supported or not enabled in menuconfig[0m
[0;32mI (925) main_task: Returned from app_main()[0m
Predictions (DSP: 8 ms., Classification: 652 ms., Anomaly: 0 ms.): 
    Objects found: 1
    Objects:
    [
        {"class": "0", "x": 36, "y": 122, "w": 76, "h": 222, "confidence": 40},
    ]
Predictions (DSP: 8 ms., Classification: 650 ms., Anomaly: 0 ms.): 
    No objects found
[0;33mW (5045) cam_hal: Failed to get the frame on time![0m

***ERROR*** A stack overflow in task app_camera has been detected.


Backtrace: 0x40375bd2:0x3fca87a0 0x4037cd21:0x3fca87c0 0x4037f792:0x3fca87e0 0x4037e3c3:0x3fca8860 0x4037f8a0:0x3fca8880 0x4037f896:0xa5a5a5a5 |<-CORRUPTED




ELF file SHA256: 62de74eefa425caf

Rebooting...
ESP-ROM:esp32s3-20210327
Build:Mar 27 2021
rst:0x3 (RTC_SW_SYS_RST),boot:0x8 (SPI_FAST_FLASH_BOOT)
Saved PC:0x40379e1e
SPIWP:0xee
mode:DIO, clock div:1
load:0x3fce3818,len:0x1874
load:0x403c9700,len:0x4
load:0x403c9704,len:0xd88
load:0x403cc700,len:0x3070
entry 0x403c9934
[0;32mI (26) boot: ESP-IDF v5.1-rc1-dirty 2nd stage bootloader[0m
[0;32mI (26) boot: compile time Jun 16 2023 19:03:20[0m
[0;32mI (27) boot: Multicore bootloader[0m
[0;32mI (30) boot: chip revision: v0.1[0m
[0;32mI (34) qio_mode: Enabling default flash chip QIO[0m
[0;32mI (39) boot.esp32s3: Boot SPI Speed : 80MHz[0m
[0;32mI (44) boot.esp32s3: SPI Mode       : QIO[0m
[0;32mI (49) boot.esp32s3: SPI Flash Size : 8MB[0m
[0;32mI (53) boot: Enabling RNG early entropy source...[0m
[0;32mI (59) boot: Partition Table:[0m
[0;32mI (62) boot: ## Label            Usage          Type ST Offset   Length[0m
[0;32mI (70) boot:  0 factory          factory app      00 00 00010000 003c0000[0m
[0;32mI (77) boot:  1 nvs              WiFi data        01 02 003d0000 00004000[0m
[0;32mI (85) boot:  2 fr               Unknown data     01 06 003e0000 00020000[0m
[0;32mI (92) boot: End of partition table[0m
[0;32mI (96) esp_image: segment 0: paddr=00010020 vaddr=3c050020 size=cbadch (834268) map[0m
[0;32mI (231) esp_image: segment 1: paddr=000dbb04 vaddr=3fc95c00 size=03dc4h ( 15812) load[0m
[0;32mI (234) esp_image: segment 2: paddr=000df8d0 vaddr=40374000 size=00748h (  1864) load[0m
[0;32mI (237) esp_image: segment 3: paddr=000e0020 vaddr=42000020 size=4f134h (323892) map[0m
[0;32mI (294) esp_image: segment 4: paddr=0012f15c vaddr=40374748 size=11480h ( 70784) load[0m
[0;32mI (316) boot: Loaded app from partition at offset 0x10000[0m
[0;32mI (316) boot: Disabling RNG early entropy source...[0m
[0;32mI (317) cpu_start: Multicore app[0m
[0;32mI (320) octal_psram: vendor id    : 0x0d (AP)[0m
[0;32mI (325) octal_psram: dev id       : 0x02 (generation 3)[0m
[0;32mI (331) octal_psram: density      : 0x03 (64 Mbit)[0m
[0;32mI (337) octal_psram: good-die     : 0x01 (Pass)[0m
[0;32mI (342) octal_psram: Latency      : 0x01 (Fixed)[0m
[0;32mI (347) octal_psram: VCC          : 0x01 (3V)[0m
[0;32mI (352) octal_psram: SRF          : 0x01 (Fast Refresh)[0m
[0;32mI (358) octal_psram: BurstType    : 0x01 (Hybrid Wrap)[0m
[0;32mI (364) octal_psram: BurstLen     : 0x01 (32 Byte)[0m
